Archive member included to satisfy reference by file (symbol)

c:/program files (x86)/gnu tools arm embedded/9 2019-q4-major/bin/../lib/gcc/arm-none-eabi/9.2.1/../../../../arm-none-eabi/lib/thumb/v7e-m+fp/hard\libc_nano.a(lib_a-ctype_.o)
                              _build/nrf52832_xxaa/nrf_log_str_formatter.c.o (_ctype_)
c:/program files (x86)/gnu tools arm embedded/9 2019-q4-major/bin/../lib/gcc/arm-none-eabi/9.2.1/../../../../arm-none-eabi/lib/thumb/v7e-m+fp/hard\libc_nano.a(lib_a-exit.o)
                              c:/program files (x86)/gnu tools arm embedded/9 2019-q4-major/bin/../lib/gcc/arm-none-eabi/9.2.1/../../../../arm-none-eabi/lib/thumb/v7e-m+fp/hard/crt0.o (exit)
c:/program files (x86)/gnu tools arm embedded/9 2019-q4-major/bin/../lib/gcc/arm-none-eabi/9.2.1/../../../../arm-none-eabi/lib/thumb/v7e-m+fp/hard\libc_nano.a(lib_a-impure.o)
                              c:/program files (x86)/gnu tools arm embedded/9 2019-q4-major/bin/../lib/gcc/arm-none-eabi/9.2.1/../../../../arm-none-eabi/lib/thumb/v7e-m+fp/hard\libc_nano.a(lib_a-exit.o) (_global_impure_ptr)
c:/program files (x86)/gnu tools arm embedded/9 2019-q4-major/bin/../lib/gcc/arm-none-eabi/9.2.1/../../../../arm-none-eabi/lib/thumb/v7e-m+fp/hard\libc_nano.a(lib_a-init.o)
                              c:/program files (x86)/gnu tools arm embedded/9 2019-q4-major/bin/../lib/gcc/arm-none-eabi/9.2.1/../../../../arm-none-eabi/lib/thumb/v7e-m+fp/hard/crt0.o (__libc_init_array)
c:/program files (x86)/gnu tools arm embedded/9 2019-q4-major/bin/../lib/gcc/arm-none-eabi/9.2.1/../../../../arm-none-eabi/lib/thumb/v7e-m+fp/hard\libc_nano.a(lib_a-memcmp.o)
                              _build/nrf52832_xxaa/ble_advdata.c.o (memcmp)
c:/program files (x86)/gnu tools arm embedded/9 2019-q4-major/bin/../lib/gcc/arm-none-eabi/9.2.1/../../../../arm-none-eabi/lib/thumb/v7e-m+fp/hard\libc_nano.a(lib_a-memcpy-stub.o)
                              _build/nrf52832_xxaa/nrf_log_frontend.c.o (memcpy)
c:/program files (x86)/gnu tools arm embedded/9 2019-q4-major/bin/../lib/gcc/arm-none-eabi/9.2.1/../../../../arm-none-eabi/lib/thumb/v7e-m+fp/hard\libc_nano.a(lib_a-memset.o)
                              c:/program files (x86)/gnu tools arm embedded/9 2019-q4-major/bin/../lib/gcc/arm-none-eabi/9.2.1/../../../../arm-none-eabi/lib/thumb/v7e-m+fp/hard/crt0.o (memset)
c:/program files (x86)/gnu tools arm embedded/9 2019-q4-major/bin/../lib/gcc/arm-none-eabi/9.2.1/../../../../arm-none-eabi/lib/thumb/v7e-m+fp/hard\libc_nano.a(lib_a-strcmp.o)
                              _build/nrf52832_xxaa/nrf_ble_scan.c.o (strcmp)
c:/program files (x86)/gnu tools arm embedded/9 2019-q4-major/bin/../lib/gcc/arm-none-eabi/9.2.1/../../../../arm-none-eabi/lib/thumb/v7e-m+fp/hard\libc_nano.a(lib_a-strcpy.o)
                              _build/nrf52832_xxaa/SEGGER_RTT.c.o (strcpy)
c:/program files (x86)/gnu tools arm embedded/9 2019-q4-major/bin/../lib/gcc/arm-none-eabi/9.2.1/../../../../arm-none-eabi/lib/thumb/v7e-m+fp/hard\libc_nano.a(lib_a-strlen.o)
                              _build/nrf52832_xxaa/nrf_log_frontend.c.o (strlen)
c:/program files (x86)/gnu tools arm embedded/9 2019-q4-major/bin/../lib/gcc/arm-none-eabi/9.2.1/../../../../arm-none-eabi/lib/thumb/v7e-m+fp/hard\libnosys.a(_exit.o)
                              c:/program files (x86)/gnu tools arm embedded/9 2019-q4-major/bin/../lib/gcc/arm-none-eabi/9.2.1/../../../../arm-none-eabi/lib/thumb/v7e-m+fp/hard\libc_nano.a(lib_a-exit.o) (_exit)
c:/program files (x86)/gnu tools arm embedded/9 2019-q4-major/bin/../lib/gcc/arm-none-eabi/9.2.1/thumb/v7e-m+fp/hard\libgcc.a(_aeabi_ldivmod.o)
                              _build/nrf52832_xxaa/bsp.c.o (__aeabi_ldivmod)
c:/program files (x86)/gnu tools arm embedded/9 2019-q4-major/bin/../lib/gcc/arm-none-eabi/9.2.1/thumb/v7e-m+fp/hard\libgcc.a(_aeabi_uldivmod.o)
                              _build/nrf52832_xxaa/bsp.c.o (__aeabi_uldivmod)
c:/program files (x86)/gnu tools arm embedded/9 2019-q4-major/bin/../lib/gcc/arm-none-eabi/9.2.1/thumb/v7e-m+fp/hard\libgcc.a(_udivmoddi4.o)
                              c:/program files (x86)/gnu tools arm embedded/9 2019-q4-major/bin/../lib/gcc/arm-none-eabi/9.2.1/thumb/v7e-m+fp/hard\libgcc.a(_aeabi_ldivmod.o) (__udivmoddi4)
c:/program files (x86)/gnu tools arm embedded/9 2019-q4-major/bin/../lib/gcc/arm-none-eabi/9.2.1/thumb/v7e-m+fp/hard\libgcc.a(_dvmd_tls.o)
                              c:/program files (x86)/gnu tools arm embedded/9 2019-q4-major/bin/../lib/gcc/arm-none-eabi/9.2.1/thumb/v7e-m+fp/hard\libgcc.a(_aeabi_ldivmod.o) (__aeabi_ldiv0)

Allocating common symbols
Common symbol       size              file

nrf_nvic_state      0xc               _build/nrf52832_xxaa/app_util_platform.c.o
nrf_drv_uart_use_easy_dma
                    0x1               _build/nrf52832_xxaa/nrf_drv_uart.c.o
_SEGGER_RTT         0x78              _build/nrf52832_xxaa/SEGGER_RTT.c.o

Discarded input sections

[...]
Memory Configuration

Name             Origin             Length             Attributes
FLASH            0x00026000         0x0005a000         xr
RAM              0x20001db8         0x0000e248         xrw
*default*        0x00000000         0xffffffff

Linker script and memory map


.text           0x00026000     0x7ee0
 *(.isr_vector)
 .isr_vector    0x00026000      0x200 _build/nrf52832_xxaa/gcc_startup_nrf52.S.o
                0x00026000                __isr_vector
 *(.text*)
 .text          0x00026200       0x40 c:/program files (x86)/gnu tools arm embedded/9 2019-q4-major/bin/../lib/gcc/arm-none-eabi/9.2.1/thumb/v7e-m+fp/hard/crtbegin.o
 .text          0x00026240       0x74 c:/program files (x86)/gnu tools arm embedded/9 2019-q4-major/bin/../lib/gcc/arm-none-eabi/9.2.1/../../../../arm-none-eabi/lib/thumb/v7e-m+fp/hard/crt0.o
                0x00026240                _start
                0x00026240                _mainCRTStartup
 .text          0x000262b4       0x3c _build/nrf52832_xxaa/gcc_startup_nrf52.S.o
                0x000262b4                Reset_Handler
                0x000262dc                NMI_Handler
                0x000262de                HardFault_Handler
                0x000262e0                MemoryManagement_Handler
                0x000262e2                BusFault_Handler
                0x000262e4                UsageFault_Handler
                0x000262e6                SVC_Handler
                0x000262e8                DebugMon_Handler
                0x000262ea                PendSV_Handler
                0x000262ec                SysTick_Handler
                0x000262ee                PDM_IRQHandler
                0x000262ee                TEMP_IRQHandler
                0x000262ee                QDEC_IRQHandler
                0x000262ee                TIMER3_IRQHandler
                0x000262ee                RTC0_IRQHandler
                0x000262ee                SPIM0_SPIS0_TWIM0_TWIS0_SPI0_TWI0_IRQHandler
                0x000262ee                PWM1_IRQHandler
                0x000262ee                RADIO_IRQHandler
                0x000262ee                I2S_IRQHandler
                0x000262ee                SWI4_EGU4_IRQHandler
                0x000262ee                TIMER0_IRQHandler
                0x000262ee                FPU_IRQHandler
                0x000262ee                TIMER1_IRQHandler
                0x000262ee                PWM2_IRQHandler
                0x000262ee                ECB_IRQHandler
                0x000262ee                SPIM1_SPIS1_TWIM1_TWIS1_SPI1_TWI1_IRQHandler
                0x000262ee                Default_Handler
                0x000262ee                SAADC_IRQHandler
                0x000262ee                CCM_AAR_IRQHandler
                0x000262ee                WDT_IRQHandler
                0x000262ee                TIMER4_IRQHandler
                0x000262ee                SWI5_EGU5_IRQHandler
                0x000262ee                RNG_IRQHandler
                0x000262ee                RTC2_IRQHandler
                0x000262ee                PWM0_IRQHandler
                0x000262ee                SWI3_EGU3_IRQHandler
                0x000262ee                SWI1_EGU1_IRQHandler
                0x000262ee                SPIM2_SPIS2_SPI2_IRQHandler
                0x000262ee                NFCT_IRQHandler
                0x000262ee                SWI0_EGU0_IRQHandler
                0x000262ee                MWU_IRQHandler
                0x000262ee                TIMER2_IRQHandler
                0x000262ee                COMP_LPCOMP_IRQHandler
 .text.nrf_log_backend_serial_put
                0x000262f0       0xd8 _build/nrf52832_xxaa/nrf_log_backend_serial.c.o
                0x000262f0                nrf_log_backend_serial_put
 .text.uart_evt_handler
                0x000263c8        0xc _build/nrf52832_xxaa/nrf_log_backend_uart.c.o
 .text.nrf_log_backend_uart_flush
                0x000263d4        0x4 _build/nrf52832_xxaa/nrf_log_backend_uart.c.o
 .text.nrf_log_backend_uart_put
                0x000263d8       0x20 _build/nrf52832_xxaa/nrf_log_backend_uart.c.o
 .text.serial_tx
                0x000263f8       0x4c _build/nrf52832_xxaa/nrf_log_backend_uart.c.o
 .text.nrf_log_backend_uart_panic_set
                0x00026444       0x7c _build/nrf52832_xxaa/nrf_log_backend_uart.c.o
 .text.nrf_log_backend_uart_init
                0x000264c0       0x68 _build/nrf52832_xxaa/nrf_log_backend_uart.c.o
                0x000264c0                nrf_log_backend_uart_init
 .text.nrf_log_default_backends_init
                0x00026528       0x20 _build/nrf52832_xxaa/nrf_log_default_backends.c.o
                0x00026528                nrf_log_default_backends_init
 .text.nrf_log_init
                0x00026548       0x28 _build/nrf52832_xxaa/nrf_log_frontend.c.o
                0x00026548                nrf_log_init
 .text.nrf_log_module_name_get
                0x00026570       0x48 _build/nrf52832_xxaa/nrf_log_frontend.c.o
                0x00026570                nrf_log_module_name_get
 .text.nrf_log_color_id_get
                0x000265b8       0x2c _build/nrf52832_xxaa/nrf_log_frontend.c.o
                0x000265b8                nrf_log_color_id_get
 .text.nrf_log_frontend_dequeue
                0x000265e4      0x250 _build/nrf52832_xxaa/nrf_log_frontend.c.o
                0x000265e4                nrf_log_frontend_dequeue
 .text.nrf_log_frontend_std_0
                0x00026834      0x188 _build/nrf52832_xxaa/nrf_log_frontend.c.o
                0x00026834                nrf_log_frontend_std_0
 .text.nrf_log_frontend_std_1
                0x000269bc      0x19c _build/nrf52832_xxaa/nrf_log_frontend.c.o
                0x000269bc                nrf_log_frontend_std_1
 .text.nrf_log_frontend_std_2
                0x00026b58      0x1b0 _build/nrf52832_xxaa/nrf_log_frontend.c.o
                0x00026b58                nrf_log_frontend_std_2
 .text.nrf_log_frontend_std_3
                0x00026d08      0x1bc _build/nrf52832_xxaa/nrf_log_frontend.c.o
                0x00026d08                nrf_log_frontend_std_3
 .text.nrf_log_backend_add
                0x00026ec4       0x5c _build/nrf52832_xxaa/nrf_log_frontend.c.o
                0x00026ec4                nrf_log_backend_add
 .text.nrf_log_panic
                0x00026f20       0x28 _build/nrf52832_xxaa/nrf_log_frontend.c.o
                0x00026f20                nrf_log_panic
 .text.prefix_process
                0x00026f48       0x80 _build/nrf52832_xxaa/nrf_log_str_formatter.c.o
 .text.nrf_log_std_entry_process
                0x00026fc8       0xf0 _build/nrf52832_xxaa/nrf_log_str_formatter.c.o
                0x00026fc8                nrf_log_std_entry_process
 .text.nrf_log_hexdump_entry_process
                0x000270b8       0xfc _build/nrf52832_xxaa/nrf_log_str_formatter.c.o
                0x000270b8                nrf_log_hexdump_entry_process
 .text.gpiote_event_handler
                0x000271b4       0x74 _build/nrf52832_xxaa/app_button.c.o
 .text.detection_delay_timeout_handler
                0x00027228      0x264 _build/nrf52832_xxaa/app_button.c.o
 .text.app_button_init
                0x0002748c       0xc0 _build/nrf52832_xxaa/app_button.c.o
                0x0002748c                app_button_init
 .text.app_button_enable
                0x0002754c       0x2c _build/nrf52832_xxaa/app_button.c.o
                0x0002754c                app_button_enable
 .text.app_error_handler_bare
                0x00027578       0x20 _build/nrf52832_xxaa/app_error.c.o
                0x00027578                app_error_handler_bare
 .text.app_error_fault_handler
                0x00027598       0x70 _build/nrf52832_xxaa/app_error_weak.c.o
                0x00027598                app_error_fault_handler
 .text.compare_func
                0x00027608       0x18 _build/nrf52832_xxaa/app_timer2.c.o
 .text.rtc_irq  0x00027620      0x318 _build/nrf52832_xxaa/app_timer2.c.o
 .text.app_timer_init
                0x00027938       0x6c _build/nrf52832_xxaa/app_timer2.c.o
                0x00027938                app_timer_init
 .text.app_timer_create
                0x000279a4       0x1c _build/nrf52832_xxaa/app_timer2.c.o
                0x000279a4                app_timer_create
 .text.app_timer_start
                0x000279c0       0x8c _build/nrf52832_xxaa/app_timer2.c.o
                0x000279c0                app_timer_start
 .text.app_util_critical_region_enter
                0x00027a4c       0x4c _build/nrf52832_xxaa/app_util_platform.c.o
                0x00027a4c                app_util_critical_region_enter
 .text.app_util_critical_region_exit
                0x00027a98       0x30 _build/nrf52832_xxaa/app_util_platform.c.o
                0x00027a98                app_util_critical_region_exit
 .text.drv_rtc_init
                0x00027ac8       0xc0 _build/nrf52832_xxaa/drv_rtc.c.o
                0x00027ac8                drv_rtc_init
 .text.drv_rtc_start
                0x00027b88        0x8 _build/nrf52832_xxaa/drv_rtc.c.o
                0x00027b88                drv_rtc_start
 .text.drv_rtc_stop
                0x00027b90        0x8 _build/nrf52832_xxaa/drv_rtc.c.o
                0x00027b90                drv_rtc_stop
 .text.drv_rtc_compare_set
                0x00027b98       0x4c _build/nrf52832_xxaa/drv_rtc.c.o
                0x00027b98                drv_rtc_compare_set
 .text.drv_rtc_windowed_compare_set
                0x00027be4       0xf8 _build/nrf52832_xxaa/drv_rtc.c.o
                0x00027be4                drv_rtc_windowed_compare_set
 .text.drv_rtc_overflow_enable
                0x00027cdc       0x14 _build/nrf52832_xxaa/drv_rtc.c.o
                0x00027cdc                drv_rtc_overflow_enable
 .text.drv_rtc_overflow_pending
                0x00027cf0       0x20 _build/nrf52832_xxaa/drv_rtc.c.o
                0x00027cf0                drv_rtc_overflow_pending
 .text.drv_rtc_compare_disable
                0x00027d10       0x18 _build/nrf52832_xxaa/drv_rtc.c.o
                0x00027d10                drv_rtc_compare_disable
 .text.drv_rtc_compare_pending
                0x00027d28       0x20 _build/nrf52832_xxaa/drv_rtc.c.o
                0x00027d28                drv_rtc_compare_pending
 .text.drv_rtc_counter_get
                0x00027d48        0x8 _build/nrf52832_xxaa/drv_rtc.c.o
                0x00027d48                drv_rtc_counter_get
 .text.drv_rtc_irq_trigger
                0x00027d50       0x24 _build/nrf52832_xxaa/drv_rtc.c.o
                0x00027d50                drv_rtc_irq_trigger
 .text.RTC1_IRQHandler
                0x00027d74       0x14 _build/nrf52832_xxaa/drv_rtc.c.o
                0x00027d74                RTC1_IRQHandler
 .text.nrf_atfifo_init
                0x00027d88       0x30 _build/nrf52832_xxaa/nrf_atfifo.c.o
                0x00027d88                nrf_atfifo_init
 .text.nrf_atfifo_item_alloc
                0x00027db8       0x5c _build/nrf52832_xxaa/nrf_atfifo.c.o
                0x00027db8                nrf_atfifo_item_alloc
 .text.nrf_atfifo_item_put
                0x00027e14       0x20 _build/nrf52832_xxaa/nrf_atfifo.c.o
                0x00027e14                nrf_atfifo_item_put
 .text.nrf_atfifo_item_get
                0x00027e34       0x60 _build/nrf52832_xxaa/nrf_atfifo.c.o
                0x00027e34                nrf_atfifo_item_get
 .text.nrf_atfifo_item_free
                0x00027e94       0x20 _build/nrf52832_xxaa/nrf_atfifo.c.o
                0x00027e94                nrf_atfifo_item_free
 .text.nrf_atflags_set
                0x00027eb4       0x14 _build/nrf52832_xxaa/nrf_atflags.c.o
                0x00027eb4                nrf_atflags_set
 .text.nrf_atflags_clear
                0x00027ec8       0x14 _build/nrf52832_xxaa/nrf_atflags.c.o
                0x00027ec8                nrf_atflags_clear
 .text.nrf_atflags_get
                0x00027edc       0x14 _build/nrf52832_xxaa/nrf_atflags.c.o
                0x00027edc                nrf_atflags_get
 .text.nrf_atomic_u32_fetch_store
                0x00027ef0       0x1c _build/nrf52832_xxaa/nrf_atomic.c.o
                0x00027ef0                nrf_atomic_u32_fetch_store
 .text.nrf_atomic_u32_or
                0x00027f0c       0x1c _build/nrf52832_xxaa/nrf_atomic.c.o
                0x00027f0c                nrf_atomic_u32_or
 .text.nrf_atomic_u32_and
                0x00027f28       0x1c _build/nrf52832_xxaa/nrf_atomic.c.o
                0x00027f28                nrf_atomic_u32_and
 .text.nrf_atomic_u32_add
                0x00027f44       0x1c _build/nrf52832_xxaa/nrf_atomic.c.o
                0x00027f44                nrf_atomic_u32_add
 .text.nrf_atomic_u32_sub
                0x00027f60       0x1c _build/nrf52832_xxaa/nrf_atomic.c.o
                0x00027f60                nrf_atomic_u32_sub
 .text.nrf_atomic_flag_set
                0x00027f7c       0x20 _build/nrf52832_xxaa/nrf_atomic.c.o
                0x00027f7c                nrf_atomic_flag_set
 .text.nrf_atomic_flag_clear_fetch
                0x00027f9c       0x20 _build/nrf52832_xxaa/nrf_atomic.c.o
                0x00027f9c                nrf_atomic_flag_clear_fetch
 .text.nrf_balloc_init
                0x00027fbc       0x38 _build/nrf52832_xxaa/nrf_balloc.c.o
                0x00027fbc                nrf_balloc_init
 .text.nrf_balloc_alloc
                0x00027ff4       0x50 _build/nrf52832_xxaa/nrf_balloc.c.o
                0x00027ff4                nrf_balloc_alloc
 .text.nrf_balloc_free
                0x00028044       0x38 _build/nrf52832_xxaa/nrf_balloc.c.o
                0x00028044                nrf_balloc_free
 .text.nrf_fprintf_buffer_flush
                0x0002807c       0x18 _build/nrf52832_xxaa/nrf_fprintf.c.o
                0x0002807c                nrf_fprintf_buffer_flush
 .text.nrf_fprintf
                0x00028094       0x20 _build/nrf52832_xxaa/nrf_fprintf.c.o
                0x00028094                nrf_fprintf
 .text.unsigned_print
                0x000280b4      0x14c _build/nrf52832_xxaa/nrf_fprintf_format.c.o
 .text.nrf_fprintf_fmt
                0x00028200      0x5cc _build/nrf52832_xxaa/nrf_fprintf_format.c.o
                0x00028200                nrf_fprintf_fmt
 .text.nrf_memobj_pool_init
                0x000287cc        0x4 _build/nrf52832_xxaa/nrf_memobj.c.o
                0x000287cc                nrf_memobj_pool_init
 .text.nrf_memobj_alloc
                0x000287d0       0x94 _build/nrf52832_xxaa/nrf_memobj.c.o
                0x000287d0                nrf_memobj_alloc
 .text.nrf_memobj_free
                0x00028864       0x3c _build/nrf52832_xxaa/nrf_memobj.c.o
                0x00028864                nrf_memobj_free
 .text.nrf_memobj_get
                0x000288a0        0x8 _build/nrf52832_xxaa/nrf_memobj.c.o
                0x000288a0                nrf_memobj_get
 .text.nrf_memobj_put
                0x000288a8       0x58 _build/nrf52832_xxaa/nrf_memobj.c.o
                0x000288a8                nrf_memobj_put
 .text.nrf_memobj_write
                0x00028900       0x68 _build/nrf52832_xxaa/nrf_memobj.c.o
                0x00028900                nrf_memobj_write
 .text.nrf_memobj_read
                0x00028968       0x68 _build/nrf52832_xxaa/nrf_memobj.c.o
                0x00028968                nrf_memobj_read
 .text.sd_app_evt_wait
                0x000289d0        0x4 _build/nrf52832_xxaa/nrf_pwr_mgmt.c.o
 .text.nrf_pwr_mgmt_init
                0x000289d4       0x2c _build/nrf52832_xxaa/nrf_pwr_mgmt.c.o
                0x000289d4                nrf_pwr_mgmt_init
 .text.nrf_pwr_mgmt_run
                0x00028a00       0x54 _build/nrf52832_xxaa/nrf_pwr_mgmt.c.o
                0x00028a00                nrf_pwr_mgmt_run
 .text.nrf_queue_push
                0x00028a54       0xe8 _build/nrf52832_xxaa/nrf_queue.c.o
                0x00028a54                nrf_queue_push
 .text.nrf_queue_generic_pop
                0x00028b3c       0xd8 _build/nrf52832_xxaa/nrf_queue.c.o
                0x00028b3c                nrf_queue_generic_pop
 .text.nrf_queue_is_empty
                0x00028c14       0x10 _build/nrf52832_xxaa/nrf_queue.c.o
                0x00028c14                nrf_queue_is_empty
 .text.nrf_ringbuf_init
                0x00028c24       0x1c _build/nrf52832_xxaa/nrf_ringbuf.c.o
                0x00028c24                nrf_ringbuf_init
 .text.nrf_section_iter_init
                0x00028c40       0x14 _build/nrf52832_xxaa/nrf_section_iter.c.o
                0x00028c40                nrf_section_iter_init
 .text.nrf_section_iter_next
                0x00028c54       0x18 _build/nrf52832_xxaa/nrf_section_iter.c.o
                0x00028c54                nrf_section_iter_next
 .text.nrf_sortlist_add
                0x00028c6c       0x28 _build/nrf52832_xxaa/nrf_sortlist.c.o
                0x00028c6c                nrf_sortlist_add
 .text.nrf_sortlist_pop
                0x00028c94        0xc _build/nrf52832_xxaa/nrf_sortlist.c.o
                0x00028c94                nrf_sortlist_pop
 .text.nrf_sortlist_peek
                0x00028ca0        0x8 _build/nrf52832_xxaa/nrf_sortlist.c.o
                0x00028ca0                nrf_sortlist_peek
 .text.nrf_sortlist_remove
                0x00028ca8       0x1c _build/nrf52832_xxaa/nrf_sortlist.c.o
                0x00028ca8                nrf_sortlist_remove
 .text.nrf_strerror_get
                0x00028cc4       0x50 _build/nrf52832_xxaa/nrf_strerror.c.o
                0x00028cc4                nrf_strerror_get
 .text.SystemInit
                0x00028d14      0x37c _build/nrf52832_xxaa/system_nrf52.c.o
                0x00028d14                SystemInit
 .text.bsp_board_led_on
                0x00029090       0x18 _build/nrf52832_xxaa/boards.c.o
                0x00029090                bsp_board_led_on
 .text.bsp_board_led_off
                0x000290a8       0x18 _build/nrf52832_xxaa/boards.c.o
                0x000290a8                bsp_board_led_off
 .text.bsp_board_init
                0x000290c0       0x5c _build/nrf52832_xxaa/boards.c.o
                0x000290c0                bsp_board_init
 .text.clock_irq_handler
                0x0002911c       0x44 _build/nrf52832_xxaa/nrf_drv_clock.c.o
 .text.soc_evt_handler
                0x00029160       0x28 _build/nrf52832_xxaa/nrf_drv_clock.c.o
 .text.sd_state_evt_handler
                0x00029188       0xc8 _build/nrf52832_xxaa/nrf_drv_clock.c.o
 .text.uarte_evt_handler
                0x00029250       0x34 _build/nrf52832_xxaa/nrf_drv_uart.c.o
 .text.uart_evt_handler
                0x00029284       0x34 _build/nrf52832_xxaa/nrf_drv_uart.c.o
 .text.nrf_drv_uart_init
                0x000292b8       0x80 _build/nrf52832_xxaa/nrf_drv_uart.c.o
                0x000292b8                nrf_drv_uart_init
 .text.nrfx_clock_init
                0x00029338       0x18 _build/nrf52832_xxaa/nrfx_clock.c.o
                0x00029338                nrfx_clock_init
 .text.nrfx_clock_enable
                0x00029350       0x24 _build/nrf52832_xxaa/nrfx_clock.c.o
                0x00029350                nrfx_clock_enable
 .text.nrfx_clock_lfclk_stop
                0x00029374       0x38 _build/nrf52832_xxaa/nrfx_clock.c.o
                0x00029374                nrfx_clock_lfclk_stop
 .text.POWER_CLOCK_IRQHandler
                0x000293ac       0x6c _build/nrf52832_xxaa/nrfx_clock.c.o
                0x000293ac                POWER_CLOCK_IRQHandler
 .text.nrfx_gpiote_init
                0x00029418       0xa0 _build/nrf52832_xxaa/nrfx_gpiote.c.o
                0x00029418                nrfx_gpiote_init
 .text.nrfx_gpiote_is_init
                0x000294b8       0x14 _build/nrf52832_xxaa/nrfx_gpiote.c.o
                0x000294b8                nrfx_gpiote_is_init
 .text.nrfx_gpiote_in_init
                0x000294cc      0x1c8 _build/nrf52832_xxaa/nrfx_gpiote.c.o
                0x000294cc                nrfx_gpiote_in_init
 .text.nrfx_gpiote_in_event_enable
                0x00029694       0xbc _build/nrf52832_xxaa/nrfx_gpiote.c.o
                0x00029694                nrfx_gpiote_in_event_enable
 .text.nrfx_gpiote_in_is_set
                0x00029750       0x14 _build/nrf52832_xxaa/nrfx_gpiote.c.o
                0x00029750                nrfx_gpiote_in_is_set
 .text.GPIOTE_IRQHandler
                0x00029764      0x444 _build/nrf52832_xxaa/nrfx_gpiote.c.o
                0x00029764                GPIOTE_IRQHandler
 .text.UARTE0_UART0_IRQHandler
                0x00029ba8        0xc _build/nrf52832_xxaa/nrfx_prs.c.o
                0x00029ba8                UARTE0_UART0_IRQHandler
 .text.nrfx_prs_acquire
                0x00029bb4       0x50 _build/nrf52832_xxaa/nrfx_prs.c.o
                0x00029bb4                nrfx_prs_acquire
 .text.nrfx_prs_release
                0x00029c04       0x18 _build/nrf52832_xxaa/nrfx_prs.c.o
                0x00029c04                nrfx_prs_release
 .text.nrfx_uart_0_irq_handler
                0x00029c1c      0x1c4 _build/nrf52832_xxaa/nrfx_uart.c.o
                0x00029c1c                nrfx_uart_0_irq_handler
 .text.nrfx_uart_init
                0x00029de0      0x1a4 _build/nrf52832_xxaa/nrfx_uart.c.o
                0x00029de0                nrfx_uart_init
 .text.nrfx_uart_uninit
                0x00029f84       0xdc _build/nrf52832_xxaa/nrfx_uart.c.o
                0x00029f84                nrfx_uart_uninit
 .text.nrfx_uart_tx
                0x0002a060       0xd0 _build/nrf52832_xxaa/nrfx_uart.c.o
                0x0002a060                nrfx_uart_tx
 .text.nrfx_uarte_0_irq_handler
                0x0002a130      0x168 _build/nrf52832_xxaa/nrfx_uarte.c.o
                0x0002a130                nrfx_uarte_0_irq_handler
 .text.nrfx_uarte_init
                0x0002a298      0x1dc _build/nrf52832_xxaa/nrfx_uarte.c.o
                0x0002a298                nrfx_uarte_init
 .text.nrfx_uarte_uninit
                0x0002a474      0x140 _build/nrf52832_xxaa/nrfx_uarte.c.o
                0x0002a474                nrfx_uarte_uninit
 .text.nrfx_uarte_tx
                0x0002a5b4       0xb4 _build/nrf52832_xxaa/nrfx_uarte.c.o
                0x0002a5b4                nrfx_uarte_tx
 .text.bsp_event_to_button_action_assign
                0x0002a668       0x54 _build/nrf52832_xxaa/bsp.c.o
                0x0002a668                bsp_event_to_button_action_assign
 .text.ble_evt_handler
                0x0002a6bc       0xac _build/nrf52832_xxaa/bsp_btn_ble.c.o
 .text.sd_ble_gap_conn_param_update
                0x0002a768        0x4 _build/nrf52832_xxaa/main.c.o
 .text.sd_ble_gap_disconnect
                0x0002a76c        0x4 _build/nrf52832_xxaa/main.c.o
 .text.sd_ble_gap_phy_update
                0x0002a770        0x4 _build/nrf52832_xxaa/main.c.o
 .text.lbs_error_handler
                0x0002a774        0x4 _build/nrf52832_xxaa/main.c.o
 .text.db_disc_handler
                0x0002a778        0xc _build/nrf52832_xxaa/main.c.o
 .text.scan_evt_handler
                0x0002a784       0x14 _build/nrf52832_xxaa/main.c.o
 .text.button_event_handler
                0x0002a798       0x54 _build/nrf52832_xxaa/main.c.o
 .text.lbs_c_evt_handler
                0x0002a7ec       0x90 _build/nrf52832_xxaa/main.c.o
 .text.ble_evt_handler
                0x0002a87c      0x104 _build/nrf52832_xxaa/main.c.o
 .text.startup.main
                0x0002a980      0x1a4 _build/nrf52832_xxaa/main.c.o
                0x0002a980                main
 .text.ble_advdata_name_find
                0x0002ab24       0x68 _build/nrf52832_xxaa/ble_advdata.c.o
                0x0002ab24                ble_advdata_name_find
 .text.ble_evt_handler
                0x0002ab8c      0x160 _build/nrf52832_xxaa/ble_conn_state.c.o
 .text.discovery_complete_evt_trigger
                0x0002acec      0x1b4 _build/nrf52832_xxaa/ble_db_discovery.c.o
 .text.descriptors_discover
                0x0002aea0       0xe8 _build/nrf52832_xxaa/ble_db_discovery.c.o
 .text.discovery_error_handler
                0x0002af88      0x110 _build/nrf52832_xxaa/ble_db_discovery.c.o
 .text.on_srv_disc_completion
                0x0002b098      0x1ac _build/nrf52832_xxaa/ble_db_discovery.c.o
 .text.ble_db_discovery_init
                0x0002b244       0x38 _build/nrf52832_xxaa/ble_db_discovery.c.o
                0x0002b244                ble_db_discovery_init
 .text.ble_db_discovery_evt_register
                0x0002b27c       0xcc _build/nrf52832_xxaa/ble_db_discovery.c.o
                0x0002b27c                ble_db_discovery_evt_register
 .text.ble_db_discovery_start
                0x0002b348       0xa4 _build/nrf52832_xxaa/ble_db_discovery.c.o
                0x0002b348                ble_db_discovery_start
 .text.ble_db_discovery_on_ble_evt
                0x0002b3ec      0x7b0 _build/nrf52832_xxaa/ble_db_discovery.c.o
                0x0002b3ec                ble_db_discovery_on_ble_evt
 .text.sd_ble_gap_data_length_update
                0x0002bb9c        0x4 _build/nrf52832_xxaa/nrf_ble_gatt.c.o
 .text.sd_ble_gattc_exchange_mtu_request
                0x0002bba0        0x4 _build/nrf52832_xxaa/nrf_ble_gatt.c.o
 .text.sd_ble_gatts_exchange_mtu_reply
                0x0002bba4        0x4 _build/nrf52832_xxaa/nrf_ble_gatt.c.o
 .text.data_length_update.constprop.0
                0x0002bba8       0x8c _build/nrf52832_xxaa/nrf_ble_gatt.c.o
 .text.nrf_ble_gatt_init
                0x0002bc34       0x28 _build/nrf52832_xxaa/nrf_ble_gatt.c.o
                0x0002bc34                nrf_ble_gatt_init
 .text.nrf_ble_gatt_on_ble_evt
                0x0002bc5c      0x1c8 _build/nrf52832_xxaa/nrf_ble_gatt.c.o
                0x0002bc5c                nrf_ble_gatt_on_ble_evt
 .text.sd_ble_gattc_primary_services_discover
                0x0002be24        0x4 _build/nrf52832_xxaa/nrf_ble_gq.c.o
 .text.sd_ble_gattc_characteristics_discover
                0x0002be28        0x4 _build/nrf52832_xxaa/nrf_ble_gq.c.o
 .text.sd_ble_gattc_descriptors_discover
                0x0002be2c        0x4 _build/nrf52832_xxaa/nrf_ble_gq.c.o
 .text.sd_ble_gattc_read
                0x0002be30        0x4 _build/nrf52832_xxaa/nrf_ble_gq.c.o
 .text.sd_ble_gattc_write
                0x0002be34        0x4 _build/nrf52832_xxaa/nrf_ble_gq.c.o
 .text.sd_ble_gatts_hvx
                0x0002be38        0x4 _build/nrf52832_xxaa/nrf_ble_gq.c.o
 .text.gatts_hvx_alloc
                0x0002be3c       0x3c _build/nrf52832_xxaa/nrf_ble_gq.c.o
 .text.gattc_write_alloc
                0x0002be78       0x28 _build/nrf52832_xxaa/nrf_ble_gq.c.o
 .text.queues_purge.isra.0
                0x0002bea0       0x70 _build/nrf52832_xxaa/nrf_ble_gq.c.o
 .text.queue_process
                0x0002bf10      0x17c _build/nrf52832_xxaa/nrf_ble_gq.c.o
 .text.nrf_ble_gq_item_add
                0x0002c08c      0x1c0 _build/nrf52832_xxaa/nrf_ble_gq.c.o
                0x0002c08c                nrf_ble_gq_item_add
 .text.nrf_ble_gq_conn_handle_register
                0x0002c24c       0x9c _build/nrf52832_xxaa/nrf_ble_gq.c.o
                0x0002c24c                nrf_ble_gq_conn_handle_register
 .text.nrf_ble_gq_on_ble_evt
                0x0002c2e8       0x94 _build/nrf52832_xxaa/nrf_ble_gq.c.o
                0x0002c2e8                nrf_ble_gq_on_ble_evt
 .text.sd_ble_gap_scan_start
                0x0002c37c        0x4 _build/nrf52832_xxaa/nrf_ble_scan.c.o
 .text.sd_ble_gap_scan_stop
                0x0002c380        0x4 _build/nrf52832_xxaa/nrf_ble_scan.c.o
 .text.sd_ble_gap_connect
                0x0002c384        0x4 _build/nrf52832_xxaa/nrf_ble_scan.c.o
 .text.nrf_ble_scan_filter_set
                0x0002c388       0x64 _build/nrf52832_xxaa/nrf_ble_scan.c.o
                0x0002c388                nrf_ble_scan_filter_set
 .text.nrf_ble_scan_filters_enable
                0x0002c3ec       0x28 _build/nrf52832_xxaa/nrf_ble_scan.c.o
                0x0002c3ec                nrf_ble_scan_filters_enable
 .text.nrf_ble_scan_init
                0x0002c414       0xac _build/nrf52832_xxaa/nrf_ble_scan.c.o
                0x0002c414                nrf_ble_scan_init
 .text.nrf_ble_scan_start
                0x0002c4c0       0x74 _build/nrf52832_xxaa/nrf_ble_scan.c.o
                0x0002c4c0                nrf_ble_scan_start
 .text.nrf_ble_scan_on_ble_evt
                0x0002c534      0x1cc _build/nrf52832_xxaa/nrf_ble_scan.c.o
                0x0002c534                nrf_ble_scan_on_ble_evt
 .text.sd_ble_uuid_vs_add
                0x0002c700        0x4 _build/nrf52832_xxaa/ble_lbs_c.c.o
 .text.gatt_error_handler
                0x0002c704        0x8 _build/nrf52832_xxaa/ble_lbs_c.c.o
 .text.ble_lbs_on_db_disc_evt
                0x0002c70c      0x1f8 _build/nrf52832_xxaa/ble_lbs_c.c.o
                0x0002c70c                ble_lbs_on_db_disc_evt
 .text.ble_lbs_c_init
                0x0002c904       0x68 _build/nrf52832_xxaa/ble_lbs_c.c.o
                0x0002c904                ble_lbs_c_init
 .text.ble_lbs_c_on_ble_evt
                0x0002c96c       0x5c _build/nrf52832_xxaa/ble_lbs_c.c.o
                0x0002c96c                ble_lbs_c_on_ble_evt
 .text.ble_lbs_c_button_notif_enable
                0x0002c9c8       0x50 _build/nrf52832_xxaa/ble_lbs_c.c.o
                0x0002c9c8                ble_lbs_c_button_notif_enable
 .text.ble_lbs_led_status_send
                0x0002ca18       0x64 _build/nrf52832_xxaa/ble_lbs_c.c.o
                0x0002ca18                ble_lbs_led_status_send
 .text.ble_lbs_c_handles_assign
                0x0002ca7c       0x1c _build/nrf52832_xxaa/ble_lbs_c.c.o
                0x0002ca7c                ble_lbs_c_handles_assign
 .text.sd_softdevice_enable
                0x0002ca98        0x4 _build/nrf52832_xxaa/nrf_sdh.c.o
 .text.nrf_sdh_enable_request
                0x0002ca9c      0x118 _build/nrf52832_xxaa/nrf_sdh.c.o
                0x0002ca9c                nrf_sdh_enable_request
 .text.nrf_sdh_is_enabled
                0x0002cbb4        0xc _build/nrf52832_xxaa/nrf_sdh.c.o
                0x0002cbb4                nrf_sdh_is_enabled
 .text.SWI2_EGU2_IRQHandler
                0x0002cbc0       0x2c _build/nrf52832_xxaa/nrf_sdh.c.o
                0x0002cbc0                SWI2_EGU2_IRQHandler
 .text.sd_ble_enable
                0x0002cbec        0x4 _build/nrf52832_xxaa/nrf_sdh_ble.c.o
 .text.sd_ble_cfg_set
                0x0002cbf0        0x4 _build/nrf52832_xxaa/nrf_sdh_ble.c.o
 .text.sd_ble_evt_get
                0x0002cbf4        0x4 _build/nrf52832_xxaa/nrf_sdh_ble.c.o
 .text.nrf_sdh_ble_evts_poll
                0x0002cbf8       0x5c _build/nrf52832_xxaa/nrf_sdh_ble.c.o
 .text.nrf_sdh_ble_default_cfg_set
                0x0002cc54      0x17c _build/nrf52832_xxaa/nrf_sdh_ble.c.o
                0x0002cc54                nrf_sdh_ble_default_cfg_set
 .text.nrf_sdh_ble_enable
                0x0002cdd0       0xa0 _build/nrf52832_xxaa/nrf_sdh_ble.c.o
                0x0002cdd0                nrf_sdh_ble_enable
 .text.sd_evt_get
                0x0002ce70        0x4 _build/nrf52832_xxaa/nrf_sdh_soc.c.o
 .text.nrf_sdh_soc_evts_poll
                0x0002ce74       0x4c _build/nrf52832_xxaa/nrf_sdh_soc.c.o
 .text.exit     0x0002cec0       0x28 c:/program files (x86)/gnu tools arm embedded/9 2019-q4-major/bin/../lib/gcc/arm-none-eabi/9.2.1/../../../../arm-none-eabi/lib/thumb/v7e-m+fp/hard\libc_nano.a(lib_a-exit.o)
                0x0002cec0                exit
 .text.__libc_init_array
                0x0002cee8       0x48 c:/program files (x86)/gnu tools arm embedded/9 2019-q4-major/bin/../lib/gcc/arm-none-eabi/9.2.1/../../../../arm-none-eabi/lib/thumb/v7e-m+fp/hard\libc_nano.a(lib_a-init.o)
                0x0002cee8                __libc_init_array
 .text.memcmp   0x0002cf30       0x1c c:/program files (x86)/gnu tools arm embedded/9 2019-q4-major/bin/../lib/gcc/arm-none-eabi/9.2.1/../../../../arm-none-eabi/lib/thumb/v7e-m+fp/hard\libc_nano.a(lib_a-memcmp.o)
                0x0002cf30                memcmp
 .text.memcpy   0x0002cf4c       0x1c c:/program files (x86)/gnu tools arm embedded/9 2019-q4-major/bin/../lib/gcc/arm-none-eabi/9.2.1/../../../../arm-none-eabi/lib/thumb/v7e-m+fp/hard\libc_nano.a(lib_a-memcpy-stub.o)
                0x0002cf4c                memcpy
 .text.memset   0x0002cf68       0x10 c:/program files (x86)/gnu tools arm embedded/9 2019-q4-major/bin/../lib/gcc/arm-none-eabi/9.2.1/../../../../arm-none-eabi/lib/thumb/v7e-m+fp/hard\libc_nano.a(lib_a-memset.o)
                0x0002cf68                memset
 .text          0x0002cf78       0x14 c:/program files (x86)/gnu tools arm embedded/9 2019-q4-major/bin/../lib/gcc/arm-none-eabi/9.2.1/../../../../arm-none-eabi/lib/thumb/v7e-m+fp/hard\libc_nano.a(lib_a-strcmp.o)
                0x0002cf78                strcmp
 .text          0x0002cf8c       0x10 c:/program files (x86)/gnu tools arm embedded/9 2019-q4-major/bin/../lib/gcc/arm-none-eabi/9.2.1/../../../../arm-none-eabi/lib/thumb/v7e-m+fp/hard\libc_nano.a(lib_a-strlen.o)
                0x0002cf8c                strlen
 .text._exit    0x0002cf9c        0x4 c:/program files (x86)/gnu tools arm embedded/9 2019-q4-major/bin/../lib/gcc/arm-none-eabi/9.2.1/../../../../arm-none-eabi/lib/thumb/v7e-m+fp/hard\libnosys.a(_exit.o)
                0x0002cf9c                _exit
 *(.init)
 .init          0x0002cfa0        0x4 c:/program files (x86)/gnu tools arm embedded/9 2019-q4-major/bin/../lib/gcc/arm-none-eabi/9.2.1/thumb/v7e-m+fp/hard/crti.o
                0x0002cfa0                _init
 .init          0x0002cfa4        0x8 c:/program files (x86)/gnu tools arm embedded/9 2019-q4-major/bin/../lib/gcc/arm-none-eabi/9.2.1/thumb/v7e-m+fp/hard/crtn.o
 *(.fini)
 .fini          0x0002cfac        0x4 c:/program files (x86)/gnu tools arm embedded/9 2019-q4-major/bin/../lib/gcc/arm-none-eabi/9.2.1/thumb/v7e-m+fp/hard/crti.o
                0x0002cfac                _fini
 .fini          0x0002cfb0        0x8 c:/program files (x86)/gnu tools arm embedded/9 2019-q4-major/bin/../lib/gcc/arm-none-eabi/9.2.1/thumb/v7e-m+fp/hard/crtn.o
 *crtbegin.o(.ctors)
 *crtbegin?.o(.ctors)
 *(EXCLUDE_FILE(*crtend.o *crtend?.o) .ctors)
 *(SORT_BY_NAME(.ctors.*))
 *(.ctors)
 *crtbegin.o(.dtors)
 *crtbegin?.o(.dtors)
 *(EXCLUDE_FILE(*crtend.o *crtend?.o) .dtors)
 *(SORT_BY_NAME(.dtors.*))
 *(.dtors)
 *(.rodata*)
 .rodata        0x0002cfb8       0x20 _build/nrf52832_xxaa/nrf_log_backend_uart.c.o
 .rodata.nrf_log_backend_uart_api
                0x0002cfd8        0xc _build/nrf52832_xxaa/nrf_log_backend_uart.c.o
                0x0002cfd8                nrf_log_backend_uart_api
 .rodata.str1.4
                0x0002cfe4       0x11 _build/nrf52832_xxaa/nrf_log_default_backends.c.o
 *fill*         0x0002cff5        0x3 
 .rodata.nrf_log_frontend_dequeue.str1.4
                0x0002cff8       0x11 _build/nrf52832_xxaa/nrf_log_frontend.c.o
 *fill*         0x0002d009        0x3 
 .rodata.str1.4
                0x0002d00c        0x4 _build/nrf52832_xxaa/nrf_log_frontend.c.o
 .rodata.m_log_push_ringbuf
                0x0002d010        0xc _build/nrf52832_xxaa/nrf_log_frontend.c.o
 .rodata.prefix_process.str1.4
                0x0002d01c       0x36 _build/nrf52832_xxaa/nrf_log_str_formatter.c.o
 *fill*         0x0002d052        0x2 
 .rodata.nrf_log_std_entry_process.str1.4
                0x0002d054        0x3 _build/nrf52832_xxaa/nrf_log_str_formatter.c.o
 *fill*         0x0002d057        0x1 
 .rodata.nrf_log_hexdump_entry_process.str1.4
                0x0002d058       0x13 _build/nrf52832_xxaa/nrf_log_str_formatter.c.o
                                 0x16 (size before relaxing)
 *fill*         0x0002d06b        0x1 
 .rodata.str1.4
                0x0002d06c       0x56 _build/nrf52832_xxaa/nrf_log_str_formatter.c.o
 *fill*         0x0002d0c2        0x2 
 .rodata.m_colors
                0x0002d0c4       0x24 _build/nrf52832_xxaa/nrf_log_str_formatter.c.o
 .rodata.severity_names
                0x0002d0e8       0x14 _build/nrf52832_xxaa/nrf_log_str_formatter.c.o
 .rodata.str1.4
                0x0002d0fc        0xb _build/nrf52832_xxaa/app_button.c.o
 *fill*         0x0002d107        0x1 
 .rodata.m_detection_delay_timer_id
                0x0002d108        0x4 _build/nrf52832_xxaa/app_button.c.o
 .rodata.app_error_fault_handler.str1.4
                0x0002d10c       0x19 _build/nrf52832_xxaa/app_error_weak.c.o
 *fill*         0x0002d125        0x3 
 .rodata.str1.4
                0x0002d128        0xa _build/nrf52832_xxaa/app_timer2.c.o
 *fill*         0x0002d132        0x2 
 .rodata        0x0002d134        0x4 _build/nrf52832_xxaa/app_timer2.c.o
 .rodata.m_app_timer_sortlist
                0x0002d138        0xc _build/nrf52832_xxaa/app_timer2.c.o
 .rodata.drv_rtc_init.str1.4
                0x0002d144       0x36 _build/nrf52832_xxaa/drv_rtc.c.o
 *fill*         0x0002d17a        0x6 
 .rodata.delay_machine_code.8550
                0x0002d180        0x6 _build/nrf52832_xxaa/drv_rtc.c.o
 *fill*         0x0002d186        0x2 
 .rodata._aV2C.7647
                0x0002d188       0x10 _build/nrf52832_xxaa/nrf_fprintf_format.c.o
 .rodata.str1.4
                0x0002d198        0x9 _build/nrf52832_xxaa/nrf_pwr_mgmt.c.o
 *fill*         0x0002d1a1        0x3 
 .rodata.pwr_mgmt_data
                0x0002d1a4        0xc _build/nrf52832_xxaa/nrf_pwr_mgmt.c.o
 .rodata.str1.4
                0x0002d1b0        0x9 _build/nrf52832_xxaa/nrf_sortlist.c.o
 *fill*         0x0002d1b9        0x3 
 .rodata.str1.4
                0x0002d1bc      0x3e9 _build/nrf52832_xxaa/nrf_strerror.c.o
 *fill*         0x0002d5a5        0x3 
 .rodata.m_unknown_str
                0x0002d5a8       0x13 _build/nrf52832_xxaa/nrf_strerror.c.o
 *fill*         0x0002d5bb        0x1 
 .rodata.nrf_strerror_array
                0x0002d5bc      0x128 _build/nrf52832_xxaa/nrf_strerror.c.o
 .rodata.CSWTCH.15
                0x0002d6e4        0x4 _build/nrf52832_xxaa/system_nrf52.c.o
 .rodata.CSWTCH.19
                0x0002d6e8        0x4 _build/nrf52832_xxaa/system_nrf52.c.o
 .rodata.CSWTCH.5
                0x0002d6ec        0x4 _build/nrf52832_xxaa/system_nrf52.c.o
 .rodata.m_board_led_list
                0x0002d6f0        0x4 _build/nrf52832_xxaa/boards.c.o
 .rodata.str1.4
                0x0002d6f4        0x6 _build/nrf52832_xxaa/nrf_drv_clock.c.o
 *fill*         0x0002d6fa        0x2 
 .rodata.str1.4
                0x0002d6fc        0x6 _build/nrf52832_xxaa/nrfx_clock.c.o
 *fill*         0x0002d702        0x2 
 .rodata.str1.4
                0x0002d704        0x7 _build/nrf52832_xxaa/nrfx_gpiote.c.o
 *fill*         0x0002d70b        0x1 
 .rodata.str1.4
                0x0002d70c        0x4 _build/nrf52832_xxaa/nrfx_prs.c.o
 .rodata.str1.4
                0x0002d710        0x5 _build/nrf52832_xxaa/nrfx_uart.c.o
 *fill*         0x0002d715        0x3 
 .rodata.str1.4
                0x0002d718        0x6 _build/nrf52832_xxaa/nrfx_uarte.c.o
 *fill*         0x0002d71e        0x2 
 .rodata.button_event_handler.str1.4
                0x0002d720       0x17 _build/nrf52832_xxaa/main.c.o
 *fill*         0x0002d737        0x1 
 .rodata.lbs_c_evt_handler.str1.4
                0x0002d738       0x5a _build/nrf52832_xxaa/main.c.o
 *fill*         0x0002d792        0x2 
 .rodata.ble_evt_handler.str1.4
                0x0002d794       0x1a _build/nrf52832_xxaa/main.c.o
 *fill*         0x0002d7ae        0x2 
 .rodata.main.str1.4
                0x0002d7b0       0x20 _build/nrf52832_xxaa/main.c.o
 .rodata.m_ble_gatt_queuereq_queue
                0x0002d7d0       0x14 _build/nrf52832_xxaa/main.c.o
 .rodata.m_target_periph_name
                0x0002d7e4        0xe _build/nrf52832_xxaa/main.c.o
 *fill*         0x0002d7f2        0x2 
 .rodata.ble_db_discovery_on_ble_evt.str1.4
                0x0002d7f4      0x10a _build/nrf52832_xxaa/ble_db_discovery.c.o
 *fill*         0x0002d8fe        0x2 
 .rodata.str1.4
                0x0002d900        0xc _build/nrf52832_xxaa/ble_db_discovery.c.o
 .rodata.data_length_update.constprop.0.str1.4
                0x0002d90c       0xe2 _build/nrf52832_xxaa/nrf_ble_gatt.c.o
 *fill*         0x0002d9ee        0x2 
 .rodata.nrf_ble_gatt_on_ble_evt.str1.4
                0x0002d9f0       0x63 _build/nrf52832_xxaa/nrf_ble_gatt.c.o
 *fill*         0x0002da53        0x1 
 .rodata.str1.4
                0x0002da54        0xd _build/nrf52832_xxaa/nrf_ble_gatt.c.o
 *fill*         0x0002da61        0x3 
 .rodata.queue_process.str1.4
                0x0002da64       0x66 _build/nrf52832_xxaa/nrf_ble_gq.c.o
 *fill*         0x0002daca        0x2 
 .rodata.str1.4
                0x0002dacc        0xb _build/nrf52832_xxaa/nrf_ble_gq.c.o
 *fill*         0x0002dad7        0x1 
 .rodata.m_req_data_alloc
                0x0002dad8       0x18 _build/nrf52832_xxaa/nrf_ble_gq.c.o
 .rodata.nrf_ble_scan_start.str1.4
                0x0002daf0       0x24 _build/nrf52832_xxaa/nrf_ble_scan.c.o
 .rodata.str1.4
                0x0002db14        0x9 _build/nrf52832_xxaa/nrf_ble_scan.c.o
 *fill*         0x0002db1d        0x3 
 .rodata.str1.4
                0x0002db20        0xa _build/nrf52832_xxaa/ble_lbs_c.c.o
 *fill*         0x0002db2a        0x2 
 .rodata        0x0002db2c       0x10 _build/nrf52832_xxaa/ble_lbs_c.c.o
 .rodata.str1.4
                0x0002db3c        0x8 _build/nrf52832_xxaa/nrf_sdh.c.o
 .rodata        0x0002db44        0x4 _build/nrf52832_xxaa/nrf_sdh.c.o
 .rodata.sdh_req_observers
                0x0002db48        0xc _build/nrf52832_xxaa/nrf_sdh.c.o
 .rodata.sdh_stack_observers
                0x0002db54        0xc _build/nrf52832_xxaa/nrf_sdh.c.o
 .rodata.sdh_state_observers
                0x0002db60        0xc _build/nrf52832_xxaa/nrf_sdh.c.o
 .rodata.nrf_sdh_ble_default_cfg_set.str1.4
                0x0002db6c      0x187 _build/nrf52832_xxaa/nrf_sdh_ble.c.o
 *fill*         0x0002dcf3        0x1 
 .rodata.nrf_sdh_ble_enable.str1.4
                0x0002dcf4       0xad _build/nrf52832_xxaa/nrf_sdh_ble.c.o
 *fill*         0x0002dda1        0x3 
 .rodata.str1.4
                0x0002dda4        0xc _build/nrf52832_xxaa/nrf_sdh_ble.c.o
 .rodata.sdh_ble_observers
                0x0002ddb0        0xc _build/nrf52832_xxaa/nrf_sdh_ble.c.o
 .rodata.str1.4
                0x0002ddbc        0xc _build/nrf52832_xxaa/nrf_sdh_soc.c.o
 .rodata.sdh_soc_observers
                0x0002ddc8        0xc _build/nrf52832_xxaa/nrf_sdh_soc.c.o
 .rodata._ctype_
                0x0002ddd4      0x101 c:/program files (x86)/gnu tools arm embedded/9 2019-q4-major/bin/../lib/gcc/arm-none-eabi/9.2.1/../../../../arm-none-eabi/lib/thumb/v7e-m+fp/hard\libc_nano.a(lib_a-ctype_.o)
                0x0002ddd4                _ctype_
 *fill*         0x0002ded5        0x3 
 .rodata._global_impure_ptr
                0x0002ded8        0x4 c:/program files (x86)/gnu tools arm embedded/9 2019-q4-major/bin/../lib/gcc/arm-none-eabi/9.2.1/../../../../arm-none-eabi/lib/thumb/v7e-m+fp/hard\libc_nano.a(lib_a-impure.o)
                0x0002ded8                _global_impure_ptr
 *(.eh_frame*)
 .eh_frame      0x0002dedc        0x0 c:/program files (x86)/gnu tools arm embedded/9 2019-q4-major/bin/../lib/gcc/arm-none-eabi/9.2.1/thumb/v7e-m+fp/hard/crtbegin.o
 .eh_frame      0x0002dedc        0x4 c:/program files (x86)/gnu tools arm embedded/9 2019-q4-major/bin/../lib/gcc/arm-none-eabi/9.2.1/thumb/v7e-m+fp/hard/crtend.o

.glue_7         0x0002dee0        0x0
 .glue_7        0x0002dee0        0x0 linker stubs

.glue_7t        0x0002dee0        0x0
 .glue_7t       0x0002dee0        0x0 linker stubs

.vfp11_veneer   0x0002dee0        0x0
 .vfp11_veneer  0x0002dee0        0x0 linker stubs

.v4_bx          0x0002dee0        0x0
 .v4_bx         0x0002dee0        0x0 linker stubs

.iplt           0x0002dee0        0x0
 .iplt          0x0002dee0        0x0 c:/program files (x86)/gnu tools arm embedded/9 2019-q4-major/bin/../lib/gcc/arm-none-eabi/9.2.1/thumb/v7e-m+fp/hard/crtbegin.o

.mem_section_dummy_rom

.sdh_soc_observers
                0x0002dee0        0x8
                0x0002dee0                PROVIDE (__start_sdh_soc_observers = .)
 *(SORT_BY_NAME(.sdh_soc_observers*))
 .sdh_soc_observers0
                0x0002dee0        0x8 _build/nrf52832_xxaa/nrf_drv_clock.c.o
                0x0002dee8                PROVIDE (__stop_sdh_soc_observers = .)

.sdh_ble_observers
                0x0002dee8       0x40
                0x0002dee8                PROVIDE (__start_sdh_ble_observers = .)
 *(SORT_BY_NAME(.sdh_ble_observers*))
 .sdh_ble_observers0
                0x0002dee8        0x8 _build/nrf52832_xxaa/ble_conn_state.c.o
 .sdh_ble_observers1
                0x0002def0        0x8 _build/nrf52832_xxaa/bsp_btn_ble.c.o
 .sdh_ble_observers1
                0x0002def8       0x20 _build/nrf52832_xxaa/main.c.o
 .sdh_ble_observers2
                0x0002df18        0x8 _build/nrf52832_xxaa/main.c.o
 .sdh_ble_observers3
                0x0002df20        0x8 _build/nrf52832_xxaa/main.c.o
                0x0002df28                PROVIDE (__stop_sdh_ble_observers = .)

.pwr_mgmt_data  0x0002df28        0x0
                0x0002df28                PROVIDE (__start_pwr_mgmt_data = .)
 *(SORT_BY_NAME(.pwr_mgmt_data*))
                0x0002df28                PROVIDE (__stop_pwr_mgmt_data = .)

.log_const_data
                0x0002df28       0x98
                0x0002df28                PROVIDE (__start_log_const_data = .)
 *(SORT_BY_NAME(.log_const_data*))
 .log_const_data_CLOCK
                0x0002df28        0x8 _build/nrf52832_xxaa/nrfx_clock.c.o
                0x0002df28                m_nrf_log_CLOCK_logs_data_const
 .log_const_data_GPIOTE
                0x0002df30        0x8 _build/nrf52832_xxaa/nrfx_gpiote.c.o
                0x0002df30                m_nrf_log_GPIOTE_logs_data_const
 .log_const_data_PRS
                0x0002df38        0x8 _build/nrf52832_xxaa/nrfx_prs.c.o
                0x0002df38                m_nrf_log_PRS_logs_data_const
 .log_const_data_UART
                0x0002df40        0x8 _build/nrf52832_xxaa/nrfx_uart.c.o
                0x0002df40                m_nrf_log_UART_logs_data_const
 .log_const_data_UARTE
                0x0002df48        0x8 _build/nrf52832_xxaa/nrfx_uarte.c.o
                0x0002df48                m_nrf_log_UARTE_logs_data_const
 .log_const_data_app
                0x0002df50        0x8 _build/nrf52832_xxaa/nrf_log_frontend.c.o
                0x0002df50                m_nrf_log_app_logs_data_const
 .log_const_data_app_button
                0x0002df58        0x8 _build/nrf52832_xxaa/app_button.c.o
                0x0002df58                m_nrf_log_app_button_logs_data_const
 .log_const_data_app_timer
                0x0002df60        0x8 _build/nrf52832_xxaa/app_timer2.c.o
                0x0002df60                m_nrf_log_app_timer_logs_data_const
 .log_const_data_ble_db_disc
                0x0002df68        0x8 _build/nrf52832_xxaa/ble_db_discovery.c.o
                0x0002df68                m_nrf_log_ble_db_disc_logs_data_const
 .log_const_data_ble_lbs_c
                0x0002df70        0x8 _build/nrf52832_xxaa/ble_lbs_c.c.o
                0x0002df70                m_nrf_log_ble_lbs_c_logs_data_const
 .log_const_data_ble_scan
                0x0002df78        0x8 _build/nrf52832_xxaa/nrf_ble_scan.c.o
                0x0002df78                m_nrf_log_ble_scan_logs_data_const
 .log_const_data_clock
                0x0002df80        0x8 _build/nrf52832_xxaa/nrf_drv_clock.c.o
                0x0002df80                m_nrf_log_clock_logs_data_const
 .log_const_data_nrf_ble_gatt
                0x0002df88        0x8 _build/nrf52832_xxaa/nrf_ble_gatt.c.o
                0x0002df88                m_nrf_log_nrf_ble_gatt_logs_data_const
 .log_const_data_nrf_ble_gq
                0x0002df90        0x8 _build/nrf52832_xxaa/nrf_ble_gq.c.o
                0x0002df90                m_nrf_log_nrf_ble_gq_logs_data_const
 .log_const_data_nrf_sdh
                0x0002df98        0x8 _build/nrf52832_xxaa/nrf_sdh.c.o
                0x0002df98                m_nrf_log_nrf_sdh_logs_data_const
 .log_const_data_nrf_sdh_ble
                0x0002dfa0        0x8 _build/nrf52832_xxaa/nrf_sdh_ble.c.o
                0x0002dfa0                m_nrf_log_nrf_sdh_ble_logs_data_const
 .log_const_data_nrf_sdh_soc
                0x0002dfa8        0x8 _build/nrf52832_xxaa/nrf_sdh_soc.c.o
                0x0002dfa8                m_nrf_log_nrf_sdh_soc_logs_data_const
 .log_const_data_pwr_mgmt
                0x0002dfb0        0x8 _build/nrf52832_xxaa/nrf_pwr_mgmt.c.o
                0x0002dfb0                m_nrf_log_pwr_mgmt_logs_data_const
 .log_const_data_sortlist
                0x0002dfb8        0x8 _build/nrf52832_xxaa/nrf_sortlist.c.o
                0x0002dfb8                m_nrf_log_sortlist_logs_data_const
                0x0002dfc0                PROVIDE (__stop_log_const_data = .)

.nrf_balloc     0x0002dfc0       0x28
                [!provide]                PROVIDE (__start_nrf_balloc = .)
 *(.nrf_balloc)
 .nrf_balloc    0x0002dfc0       0x14 _build/nrf52832_xxaa/nrf_log_frontend.c.o
                0x0002dfc0                log_mempool
 .nrf_balloc    0x0002dfd4       0x14 _build/nrf52832_xxaa/main.c.o
                0x0002dfd4                m_ble_gatt_queuepool
                [!provide]                PROVIDE (__stop_nrf_balloc = .)

.nrf_queue      0x0002dfe8       0x14
                [!provide]                PROVIDE (__start_nrf_queue = .)
 *(.nrf_queue)
 .nrf_queue     0x0002dfe8       0x14 _build/nrf52832_xxaa/main.c.o
                0x0002dfe8                m_ble_gatt_queuepurge_queue
                [!provide]                PROVIDE (__stop_nrf_queue = .)

.sdh_req_observers
                0x0002dffc        0x0
                0x0002dffc                PROVIDE (__start_sdh_req_observers = .)
 *(SORT_BY_NAME(.sdh_req_observers*))
                0x0002dffc                PROVIDE (__stop_sdh_req_observers = .)

.sdh_state_observers
                0x0002dffc        0x8
                0x0002dffc                PROVIDE (__start_sdh_state_observers = .)
 *(SORT_BY_NAME(.sdh_state_observers*))
 .sdh_state_observers0
                0x0002dffc        0x8 _build/nrf52832_xxaa/nrf_drv_clock.c.o
                0x0002e004                PROVIDE (__stop_sdh_state_observers = .)

.sdh_stack_observers
                0x0002e004       0x10
                0x0002e004                PROVIDE (__start_sdh_stack_observers = .)
 *(SORT_BY_NAME(.sdh_stack_observers*))
 .sdh_stack_observers0
                0x0002e004        0x8 _build/nrf52832_xxaa/nrf_sdh_ble.c.o
 .sdh_stack_observers0
                0x0002e00c        0x8 _build/nrf52832_xxaa/nrf_sdh_soc.c.o
                0x0002e014                PROVIDE (__stop_sdh_stack_observers = .)

.cli_command    0x0002e014        0x0
                [!provide]                PROVIDE (__start_cli_command = .)
 *(.cli_command)
                [!provide]                PROVIDE (__stop_cli_command = .)

.crypto_data    0x0002e014        0x0
                [!provide]                PROVIDE (__start_crypto_data = .)
 *(SORT_BY_NAME(.crypto_data*))
                [!provide]                PROVIDE (__stop_crypto_data = .)

.log_backends   0x0002e014       0x10
                [!provide]                PROVIDE (__start_log_backends = .)
 *(SORT_BY_NAME(.log_backends*))
 .log_backends  0x0002e014       0x10 _build/nrf52832_xxaa/nrf_log_default_backends.c.o
                [!provide]                PROVIDE (__stop_log_backends = .)

.ARM.extab
 *(.ARM.extab* .gnu.linkonce.armextab.*)
                0x0002e024                __exidx_start = .

.ARM.exidx      0x0002e024        0x8
 *(.ARM.exidx* .gnu.linkonce.armexidx.*)
 .ARM.exidx     0x0002e024        0x8 c:/program files (x86)/gnu tools arm embedded/9 2019-q4-major/bin/../lib/gcc/arm-none-eabi/9.2.1/../../../../arm-none-eabi/lib/thumb/v7e-m+fp/hard/crt0.o
                0x0002e02c                __exidx_end = .

.rel.dyn        0x0002e02c        0x0
 .rel.iplt      0x0002e02c        0x0 c:/program files (x86)/gnu tools arm embedded/9 2019-q4-major/bin/../lib/gcc/arm-none-eabi/9.2.1/thumb/v7e-m+fp/hard/crtbegin.o
                0x0002e02c                . = ALIGN (0x4)
                0x0002e02c                __etext = .

.data           0x20001db8      0x680 load address 0x0002e02c
                0x20001db8                __data_start__ = .
 *(vtable)
 *(.data*)
 .data.m_uart   0x20001db8       0x14 _build/nrf52832_xxaa/nrf_log_backend_uart.c.o
                0x20001db8                m_uart
 .data.log_backend_cb_uart_log_backend
                0x20001dcc        0x8 _build/nrf52832_xxaa/nrf_log_default_backends.c.o
 .data.m_rtc_inst
                0x20001dd4        0x8 _build/nrf52832_xxaa/app_timer2.c.o
 .data.SystemCoreClock
                0x20001ddc        0x4 _build/nrf52832_xxaa/system_nrf52.c.o
                0x20001ddc                SystemCoreClock
 .data.buttons.12037
                0x20001de0        0x8 _build/nrf52832_xxaa/main.c.o
 .data.m_ble_gatt_queue
                0x20001de8       0x14 _build/nrf52832_xxaa/main.c.o
 .data.m_ble_gatt_queueconn_handles_arr
                0x20001dfc        0x2 _build/nrf52832_xxaa/main.c.o
 *fill*         0x20001dfe        0x2 
 .data.m_db_disc
                0x20001e00      0x5d0 _build/nrf52832_xxaa/main.c.o
 .data.impure_data
                0x200023d0       0x60 c:/program files (x86)/gnu tools arm embedded/9 2019-q4-major/bin/../lib/gcc/arm-none-eabi/9.2.1/../../../../arm-none-eabi/lib/thumb/v7e-m+fp/hard\libc_nano.a(lib_a-impure.o)
                0x20002430                . = ALIGN (0x4)
                0x20002430                PROVIDE (__preinit_array_start = .)
 *(.preinit_array)
                0x20002430                PROVIDE (__preinit_array_end = .)
                0x20002430                . = ALIGN (0x4)
                0x20002430                PROVIDE (__init_array_start = .)
 *(SORT_BY_NAME(.init_array.*))
 *(.init_array)
 .init_array    0x20002430        0x4 c:/program files (x86)/gnu tools arm embedded/9 2019-q4-major/bin/../lib/gcc/arm-none-eabi/9.2.1/thumb/v7e-m+fp/hard/crtbegin.o
                0x20002434                PROVIDE (__init_array_end = .)
                0x20002434                . = ALIGN (0x4)
                [!provide]                PROVIDE (__fini_array_start = .)
 *(SORT_BY_NAME(.fini_array.*))
 *(.fini_array)
 .fini_array    0x20002434        0x4 c:/program files (x86)/gnu tools arm embedded/9 2019-q4-major/bin/../lib/gcc/arm-none-eabi/9.2.1/thumb/v7e-m+fp/hard/crtbegin.o
                [!provide]                PROVIDE (__fini_array_end = .)
 *(.jcr*)
                0x20002438                . = ALIGN (0x4)
                0x20002438                __data_end__ = .
LOAD c:/program files (x86)/gnu tools arm embedded/9 2019-q4-major/bin/../lib/gcc/arm-none-eabi/9.2.1/thumb/v7e-m+fp/hard/crti.o
LOAD c:/program files (x86)/gnu tools arm embedded/9 2019-q4-major/bin/../lib/gcc/arm-none-eabi/9.2.1/thumb/v7e-m+fp/hard/crtbegin.o
LOAD c:/program files (x86)/gnu tools arm embedded/9 2019-q4-major/bin/../lib/gcc/arm-none-eabi/9.2.1/../../../../arm-none-eabi/lib/thumb/v7e-m+fp/hard/crt0.o
LOAD _build/nrf52832_xxaa/gcc_startup_nrf52.S.o
LOAD _build/nrf52832_xxaa/nrf_log_backend_rtt.c.o
LOAD _build/nrf52832_xxaa/nrf_log_backend_serial.c.o
LOAD _build/nrf52832_xxaa/nrf_log_backend_uart.c.o
LOAD _build/nrf52832_xxaa/nrf_log_default_backends.c.o
LOAD _build/nrf52832_xxaa/nrf_log_frontend.c.o
LOAD _build/nrf52832_xxaa/nrf_log_str_formatter.c.o
LOAD _build/nrf52832_xxaa/app_button.c.o
LOAD _build/nrf52832_xxaa/app_error.c.o
LOAD _build/nrf52832_xxaa/app_error_handler_gcc.c.o
LOAD _build/nrf52832_xxaa/app_error_weak.c.o
LOAD _build/nrf52832_xxaa/app_scheduler.c.o
LOAD _build/nrf52832_xxaa/app_timer2.c.o
LOAD _build/nrf52832_xxaa/app_util_platform.c.o
LOAD _build/nrf52832_xxaa/drv_rtc.c.o
LOAD _build/nrf52832_xxaa/hardfault_implementation.c.o
LOAD _build/nrf52832_xxaa/nrf_assert.c.o
LOAD _build/nrf52832_xxaa/nrf_atfifo.c.o
LOAD _build/nrf52832_xxaa/nrf_atflags.c.o
LOAD _build/nrf52832_xxaa/nrf_atomic.c.o
LOAD _build/nrf52832_xxaa/nrf_balloc.c.o
LOAD _build/nrf52832_xxaa/nrf_fprintf.c.o
LOAD _build/nrf52832_xxaa/nrf_fprintf_format.c.o
LOAD _build/nrf52832_xxaa/nrf_memobj.c.o
LOAD _build/nrf52832_xxaa/nrf_pwr_mgmt.c.o
LOAD _build/nrf52832_xxaa/nrf_queue.c.o
LOAD _build/nrf52832_xxaa/nrf_ringbuf.c.o
LOAD _build/nrf52832_xxaa/nrf_section_iter.c.o
LOAD _build/nrf52832_xxaa/nrf_sortlist.c.o
LOAD _build/nrf52832_xxaa/nrf_strerror.c.o
LOAD _build/nrf52832_xxaa/system_nrf52.c.o
LOAD _build/nrf52832_xxaa/boards.c.o
LOAD _build/nrf52832_xxaa/nrf_drv_clock.c.o
LOAD _build/nrf52832_xxaa/nrf_drv_uart.c.o
LOAD _build/nrf52832_xxaa/nrfx_atomic.c.o
LOAD _build/nrf52832_xxaa/nrfx_clock.c.o
LOAD _build/nrf52832_xxaa/nrfx_gpiote.c.o
LOAD _build/nrf52832_xxaa/nrfx_prs.c.o
LOAD _build/nrf52832_xxaa/nrfx_uart.c.o
LOAD _build/nrf52832_xxaa/nrfx_uarte.c.o
LOAD _build/nrf52832_xxaa/bsp.c.o
LOAD _build/nrf52832_xxaa/bsp_btn_ble.c.o
LOAD _build/nrf52832_xxaa/main.c.o
LOAD _build/nrf52832_xxaa/SEGGER_RTT.c.o
LOAD _build/nrf52832_xxaa/SEGGER_RTT_Syscalls_GCC.c.o
LOAD _build/nrf52832_xxaa/SEGGER_RTT_printf.c.o
LOAD _build/nrf52832_xxaa/ble_advdata.c.o
LOAD _build/nrf52832_xxaa/ble_advertising.c.o
LOAD _build/nrf52832_xxaa/ble_conn_state.c.o
LOAD _build/nrf52832_xxaa/ble_db_discovery.c.o
LOAD _build/nrf52832_xxaa/ble_srv_common.c.o
LOAD _build/nrf52832_xxaa/nrf_ble_gatt.c.o
LOAD _build/nrf52832_xxaa/nrf_ble_gq.c.o
LOAD _build/nrf52832_xxaa/nrf_ble_scan.c.o
LOAD _build/nrf52832_xxaa/utf.c.o
LOAD _build/nrf52832_xxaa/ble_lbs_c.c.o
LOAD _build/nrf52832_xxaa/nrf_sdh.c.o
LOAD _build/nrf52832_xxaa/nrf_sdh_ble.c.o
LOAD _build/nrf52832_xxaa/nrf_sdh_soc.c.o
LOAD c:/program files (x86)/gnu tools arm embedded/9 2019-q4-major/bin/../lib/gcc/arm-none-eabi/9.2.1/../../../../arm-none-eabi/lib/thumb/v7e-m+fp/hard\libc_nano.a
LOAD c:/program files (x86)/gnu tools arm embedded/9 2019-q4-major/bin/../lib/gcc/arm-none-eabi/9.2.1/../../../../arm-none-eabi/lib/thumb/v7e-m+fp/hard\libnosys.a
LOAD c:/program files (x86)/gnu tools arm embedded/9 2019-q4-major/bin/../lib/gcc/arm-none-eabi/9.2.1/../../../../arm-none-eabi/lib/thumb/v7e-m+fp/hard\libm.a
START GROUP
LOAD c:/program files (x86)/gnu tools arm embedded/9 2019-q4-major/bin/../lib/gcc/arm-none-eabi/9.2.1/thumb/v7e-m+fp/hard\libgcc.a
LOAD c:/program files (x86)/gnu tools arm embedded/9 2019-q4-major/bin/../lib/gcc/arm-none-eabi/9.2.1/../../../../arm-none-eabi/lib/thumb/v7e-m+fp/hard\libg_nano.a
LOAD c:/program files (x86)/gnu tools arm embedded/9 2019-q4-major/bin/../lib/gcc/arm-none-eabi/9.2.1/../../../../arm-none-eabi/lib/thumb/v7e-m+fp/hard\libc_nano.a
END GROUP
START GROUP
LOAD c:/program files (x86)/gnu tools arm embedded/9 2019-q4-major/bin/../lib/gcc/arm-none-eabi/9.2.1/thumb/v7e-m+fp/hard\libgcc.a
LOAD c:/program files (x86)/gnu tools arm embedded/9 2019-q4-major/bin/../lib/gcc/arm-none-eabi/9.2.1/../../../../arm-none-eabi/lib/thumb/v7e-m+fp/hard\libc_nano.a
END GROUP
LOAD c:/program files (x86)/gnu tools arm embedded/9 2019-q4-major/bin/../lib/gcc/arm-none-eabi/9.2.1/thumb/v7e-m+fp/hard/crtend.o
LOAD c:/program files (x86)/gnu tools arm embedded/9 2019-q4-major/bin/../lib/gcc/arm-none-eabi/9.2.1/thumb/v7e-m+fp/hard/crtn.o
START GROUP
LOAD c:/program files (x86)/gnu tools arm embedded/9 2019-q4-major/bin/../lib/gcc/arm-none-eabi/9.2.1/thumb/v7e-m+fp/hard\libgcc.a
LOAD c:/program files (x86)/gnu tools arm embedded/9 2019-q4-major/bin/../lib/gcc/arm-none-eabi/9.2.1/../../../../arm-none-eabi/lib/thumb/v7e-m+fp/hard\libc.a
LOAD c:/program files (x86)/gnu tools arm embedded/9 2019-q4-major/bin/../lib/gcc/arm-none-eabi/9.2.1/../../../../arm-none-eabi/lib/thumb/v7e-m+fp/hard\libnosys.a
END GROUP

.igot.plt       0x20002438        0x0 load address 0x0002e6ac
 .igot.plt      0x20002438        0x0 c:/program files (x86)/gnu tools arm embedded/9 2019-q4-major/bin/../lib/gcc/arm-none-eabi/9.2.1/thumb/v7e-m+fp/hard/crtbegin.o
                0x20002438                . = ALIGN (0x4)

.mem_section_dummy_ram

.log_dynamic_data
                0x20002438        0x0
                0x20002438                PROVIDE (__start_log_dynamic_data = .)
 *(SORT_BY_NAME(.log_dynamic_data*))
                [!provide]                PROVIDE (__stop_log_dynamic_data = .)

.log_filter_data
                0x20002438        0x0
                [!provide]                PROVIDE (__start_log_filter_data = .)
 *(SORT_BY_NAME(.log_filter_data*))
                [!provide]                PROVIDE (__stop_log_filter_data = .)

.cli_sorted_cmd_ptrs
                0x20002438        0x0
                [!provide]                PROVIDE (__start_cli_sorted_cmd_ptrs = .)
 *(.cli_sorted_cmd_ptrs)
                [!provide]                PROVIDE (__stop_cli_sorted_cmd_ptrs = .)

.fs_data        0x20002438        0x0
                [!provide]                PROVIDE (__start_fs_data = .)
 *(.fs_data)
                [!provide]                PROVIDE (__stop_fs_data = .)

.bss            0x20002438      0xaa8 load address 0x0002e6b0
                0x20002438                . = ALIGN (0x4)
                0x20002438                __bss_start__ = .
 *(.bss*)
 .bss           0x20002438       0x1c c:/program files (x86)/gnu tools arm embedded/9 2019-q4-major/bin/../lib/gcc/arm-none-eabi/9.2.1/thumb/v7e-m+fp/hard/crtbegin.o
 .bss.m_async_mode
                0x20002454        0x1 _build/nrf52832_xxaa/nrf_log_backend_uart.c.o
 *fill*         0x20002455        0x3 
 .bss.m_string_buff
                0x20002458       0x40 _build/nrf52832_xxaa/nrf_log_backend_uart.c.o
 .bss.m_xfer_done
                0x20002498        0x1 _build/nrf52832_xxaa/nrf_log_backend_uart.c.o
 *fill*         0x20002499        0x3 
 .bss.log_mempool_nrf_balloc_cb
                0x2000249c        0x8 _build/nrf52832_xxaa/nrf_log_frontend.c.o
 .bss.log_mempool_nrf_balloc_pool_mem
                0x200024a4       0xc0 _build/nrf52832_xxaa/nrf_log_frontend.c.o
 .bss.log_mempool_nrf_balloc_pool_stack
                0x20002564        0x8 _build/nrf52832_xxaa/nrf_log_frontend.c.o
 .bss.m_log_data
                0x2000256c      0x420 _build/nrf52832_xxaa/nrf_log_frontend.c.o
 .bss.m_log_push_ringbuf_buf
                0x2000298c       0x80 _build/nrf52832_xxaa/nrf_log_frontend.c.o
 .bss.m_log_push_ringbuf_cb
                0x20002a0c       0x18 _build/nrf52832_xxaa/nrf_log_frontend.c.o
 .bss.m_button_count
                0x20002a24        0x1 _build/nrf52832_xxaa/app_button.c.o
 *fill*         0x20002a25        0x3 
 .bss.m_detection_delay
                0x20002a28        0x4 _build/nrf52832_xxaa/app_button.c.o
 *fill*         0x20002a2c        0x4 
 .bss.m_detection_delay_timer_id_data
                0x20002a30       0x20 _build/nrf52832_xxaa/app_button.c.o
 .bss.m_pin_active
                0x20002a50        0x8 _build/nrf52832_xxaa/app_button.c.o
 .bss.m_pin_states
                0x20002a58       0x10 _build/nrf52832_xxaa/app_button.c.o
 .bss.mp_buttons
                0x20002a68        0x4 _build/nrf52832_xxaa/app_button.c.o
 .bss.m_app_timer_sortlist_sortlist_cb
                0x20002a6c        0x4 _build/nrf52832_xxaa/app_timer2.c.o
 .bss.m_base_counter
                0x20002a70        0x8 _build/nrf52832_xxaa/app_timer2.c.o
 .bss.m_global_active
                0x20002a78        0x1 _build/nrf52832_xxaa/app_timer2.c.o
 *fill*         0x20002a79        0x3 
 .bss.m_req_fifo_data
                0x20002a7c       0x58 _build/nrf52832_xxaa/app_timer2.c.o
 .bss.m_req_fifo_inst
                0x20002ad4       0x10 _build/nrf52832_xxaa/app_timer2.c.o
 *fill*         0x20002ae4        0x4 
 .bss.m_stamp64
                0x20002ae8        0x8 _build/nrf52832_xxaa/app_timer2.c.o
 .bss.mp_active_timer
                0x20002af0        0x4 _build/nrf52832_xxaa/app_timer2.c.o
 .bss.m_cb      0x20002af4        0x8 _build/nrf52832_xxaa/drv_rtc.c.o
 .bss.m_handlers
                0x20002afc        0x4 _build/nrf52832_xxaa/drv_rtc.c.o
 .bss.m_handlers_iter
                0x20002b00        0x8 _build/nrf52832_xxaa/nrf_pwr_mgmt.c.o
 .bss.m_shutdown_started
                0x20002b08        0x1 _build/nrf52832_xxaa/nrf_pwr_mgmt.c.o
 *fill*         0x20002b09        0x3 
 .bss.m_sysoff_mtx
                0x20002b0c        0x4 _build/nrf52832_xxaa/nrf_pwr_mgmt.c.o
 .bss.m_clock_cb
                0x20002b10       0x14 _build/nrf52832_xxaa/nrf_drv_clock.c.o
 .bss.m_contexts
                0x20002b24        0x4 _build/nrf52832_xxaa/nrf_drv_uart.c.o
 .bss.m_handlers
                0x20002b28        0x4 _build/nrf52832_xxaa/nrf_drv_uart.c.o
 .bss.m_clock_cb
                0x20002b2c        0x8 _build/nrf52832_xxaa/nrfx_clock.c.o
 *fill*         0x20002b34        0x4 
 .bss.m_cb      0x20002b38       0x5c _build/nrf52832_xxaa/nrfx_gpiote.c.o
 .bss.m_prs_box_4
                0x20002b94        0x8 _build/nrf52832_xxaa/nrfx_prs.c.o
 *fill*         0x20002b9c        0x4 
 .bss.m_cb      0x20002ba0       0x2c _build/nrf52832_xxaa/nrfx_uart.c.o
 *fill*         0x20002bcc        0x4 
 .bss.m_cb      0x20002bd0       0x24 _build/nrf52832_xxaa/nrfx_uarte.c.o
 .bss.m_events_list
                0x20002bf4        0xc _build/nrf52832_xxaa/bsp.c.o
 .bss.m_error_handler
                0x20002c00        0x4 _build/nrf52832_xxaa/bsp_btn_ble.c.o
 .bss.m_num_connections
                0x20002c04        0x4 _build/nrf52832_xxaa/bsp_btn_ble.c.o
 .bss.m_ble_gatt_queuepool_nrf_balloc_cb
                0x20002c08        0x8 _build/nrf52832_xxaa/main.c.o
 .bss.m_ble_gatt_queuepool_nrf_balloc_pool_mem
                0x20002c10       0xc0 _build/nrf52832_xxaa/main.c.o
 .bss.m_ble_gatt_queuepool_nrf_balloc_pool_stack
                0x20002cd0        0x8 _build/nrf52832_xxaa/main.c.o
 .bss.m_ble_gatt_queuepurge_queue_nrf_queue_buffer
                0x20002cd8        0x4 _build/nrf52832_xxaa/main.c.o
 .bss.m_ble_gatt_queuepurge_queue_nrf_queue_cb
                0x20002cdc        0xc _build/nrf52832_xxaa/main.c.o
 .bss.m_ble_gatt_queuereq_queue0_nrf_queue_buffer
                0x20002ce8       0xa0 _build/nrf52832_xxaa/main.c.o
 .bss.m_ble_gatt_queuereq_queue0_nrf_queue_cb
                0x20002d88        0xc _build/nrf52832_xxaa/main.c.o
 .bss.m_ble_lbs_c
                0x20002d94       0x18 _build/nrf52832_xxaa/main.c.o
 .bss.m_gatt    0x20002dac       0x14 _build/nrf52832_xxaa/main.c.o
 .bss.m_scan    0x20002dc0       0x68 _build/nrf52832_xxaa/main.c.o
 .bss.m_bcs     0x20002e28       0x7c _build/nrf52832_xxaa/ble_conn_state.c.o
 .bss.m_evt_handler
                0x20002ea4        0x4 _build/nrf52832_xxaa/ble_db_discovery.c.o
 .bss.m_initialized
                0x20002ea8        0x1 _build/nrf52832_xxaa/ble_db_discovery.c.o
 *fill*         0x20002ea9        0x3 
 .bss.m_num_of_handlers_reg
                0x20002eac        0x4 _build/nrf52832_xxaa/ble_db_discovery.c.o
 .bss.m_registered_handlers
                0x20002eb0       0x18 _build/nrf52832_xxaa/ble_db_discovery.c.o
 .bss.mp_gatt_queue
                0x20002ec8        0x4 _build/nrf52832_xxaa/ble_db_discovery.c.o
 .bss.m_nrf_sdh_continue
                0x20002ecc        0x1 _build/nrf52832_xxaa/nrf_sdh.c.o
 .bss.m_nrf_sdh_enabled
                0x20002ecd        0x1 _build/nrf52832_xxaa/nrf_sdh.c.o
 .bss.m_nrf_sdh_suspended
                0x20002ece        0x1 _build/nrf52832_xxaa/nrf_sdh.c.o
 .bss.m_stack_is_enabled
                0x20002ecf        0x1 _build/nrf52832_xxaa/nrf_sdh_ble.c.o
 *(COMMON)
 COMMON         0x20002ed0        0xc _build/nrf52832_xxaa/app_util_platform.c.o
                0x20002ed0                nrf_nvic_state
 COMMON         0x20002edc        0x1 _build/nrf52832_xxaa/nrf_drv_uart.c.o
                0x20002edc                nrf_drv_uart_use_easy_dma
                0x20002ee0                . = ALIGN (0x4)
 *fill*         0x20002edd        0x3 
                0x20002ee0                __bss_end__ = .

.heap           0x20002ee0        0x0
                0x20002ee0                __HeapBase = .
                0x20002ee0                __end__ = .
                [!provide]                PROVIDE (end = .)
 *(.heap*)
 .heap          0x20002ee0        0x0 _build/nrf52832_xxaa/gcc_startup_nrf52.S.o
                0x20002ee0                __HeapLimit = .

.stack_dummy    0x20002ee0     0x2000
 *(.stack*)
 .stack         0x20002ee0     0x2000 _build/nrf52832_xxaa/gcc_startup_nrf52.S.o
                0x20010000                __StackTop = (ORIGIN (RAM) + LENGTH (RAM))
                0x2000e000                __StackLimit = (__StackTop - SIZEOF (.stack_dummy))
                0x20010000                PROVIDE (__stack = __StackTop)
                0x00000001                ASSERT ((__StackLimit >= __HeapLimit), region RAM overflowed with stack)
                0x00000680                DataInitFlashUsed = (__bss_start__ - __data_start__)
                0x0000802c                CodeFlashUsed = (__etext - ORIGIN (FLASH))
                0x000086ac                TotalFlashUsed = (CodeFlashUsed + DataInitFlashUsed)
                0x00000001                ASSERT ((TotalFlashUsed <= LENGTH (FLASH)), region FLASH overflowed with .data and user data)
OUTPUT(_build/nrf52832_xxaa.out elf32-littlearm)

.ARM.attributes
                0x00000000       0x30
 .ARM.attributes
                0x00000000       0x1e c:/program files (x86)/gnu tools arm embedded/9 2019-q4-major/bin/../lib/gcc/arm-none-eabi/9.2.1/thumb/v7e-m+fp/hard/crti.o
 .ARM.attributes
                0x0000001e       0x34 c:/program files (x86)/gnu tools arm embedded/9 2019-q4-major/bin/../lib/gcc/arm-none-eabi/9.2.1/thumb/v7e-m+fp/hard/crtbegin.o
 .ARM.attributes
                0x00000052       0x1c c:/program files (x86)/gnu tools arm embedded/9 2019-q4-major/bin/../lib/gcc/arm-none-eabi/9.2.1/../../../../arm-none-eabi/lib/thumb/v7e-m+fp/hard/crt0.o
 .ARM.attributes
                0x0000006e       0x20 _build/nrf52832_xxaa/gcc_startup_nrf52.S.o
 .ARM.attributes
                0x0000008e       0x34 _build/nrf52832_xxaa/nrf_log_backend_serial.c.o
 .ARM.attributes
                0x000000c2       0x34 _build/nrf52832_xxaa/nrf_log_backend_uart.c.o
 .ARM.attributes
                0x000000f6       0x34 _build/nrf52832_xxaa/nrf_log_default_backends.c.o
 .ARM.attributes
                0x0000012a       0x34 _build/nrf52832_xxaa/nrf_log_frontend.c.o
 .ARM.attributes
                0x0000015e       0x34 _build/nrf52832_xxaa/nrf_log_str_formatter.c.o
 .ARM.attributes
                0x00000192       0x34 _build/nrf52832_xxaa/app_button.c.o
 .ARM.attributes
                0x000001c6       0x34 _build/nrf52832_xxaa/app_error.c.o
 .ARM.attributes
                0x000001fa       0x34 _build/nrf52832_xxaa/app_error_weak.c.o
 .ARM.attributes
                0x0000022e       0x34 _build/nrf52832_xxaa/app_timer2.c.o
 .ARM.attributes
                0x00000262       0x34 _build/nrf52832_xxaa/app_util_platform.c.o
 .ARM.attributes
                0x00000296       0x34 _build/nrf52832_xxaa/drv_rtc.c.o
 .ARM.attributes
                0x000002ca       0x34 _build/nrf52832_xxaa/nrf_atfifo.c.o
 .ARM.attributes
                0x000002fe       0x34 _build/nrf52832_xxaa/nrf_atflags.c.o
 .ARM.attributes
                0x00000332       0x34 _build/nrf52832_xxaa/nrf_atomic.c.o
 .ARM.attributes
                0x00000366       0x34 _build/nrf52832_xxaa/nrf_balloc.c.o
 .ARM.attributes
                0x0000039a       0x34 _build/nrf52832_xxaa/nrf_fprintf.c.o
 .ARM.attributes
                0x000003ce       0x34 _build/nrf52832_xxaa/nrf_fprintf_format.c.o
 .ARM.attributes
                0x00000402       0x34 _build/nrf52832_xxaa/nrf_memobj.c.o
 .ARM.attributes
                0x00000436       0x34 _build/nrf52832_xxaa/nrf_pwr_mgmt.c.o
 .ARM.attributes
                0x0000046a       0x34 _build/nrf52832_xxaa/nrf_queue.c.o
 .ARM.attributes
                0x0000049e       0x34 _build/nrf52832_xxaa/nrf_ringbuf.c.o
 .ARM.attributes
                0x000004d2       0x34 _build/nrf52832_xxaa/nrf_section_iter.c.o
 .ARM.attributes
                0x00000506       0x34 _build/nrf52832_xxaa/nrf_sortlist.c.o
 .ARM.attributes
                0x0000053a       0x34 _build/nrf52832_xxaa/nrf_strerror.c.o
 .ARM.attributes
                0x0000056e       0x34 _build/nrf52832_xxaa/system_nrf52.c.o
 .ARM.attributes
                0x000005a2       0x34 _build/nrf52832_xxaa/boards.c.o
 .ARM.attributes
                0x000005d6       0x34 _build/nrf52832_xxaa/nrf_drv_clock.c.o
 .ARM.attributes
                0x0000060a       0x34 _build/nrf52832_xxaa/nrf_drv_uart.c.o
 .ARM.attributes
                0x0000063e       0x34 _build/nrf52832_xxaa/nrfx_clock.c.o
 .ARM.attributes
                0x00000672       0x34 _build/nrf52832_xxaa/nrfx_gpiote.c.o
 .ARM.attributes
                0x000006a6       0x34 _build/nrf52832_xxaa/nrfx_prs.c.o
 .ARM.attributes
                0x000006da       0x34 _build/nrf52832_xxaa/nrfx_uart.c.o
 .ARM.attributes
                0x0000070e       0x34 _build/nrf52832_xxaa/nrfx_uarte.c.o
 .ARM.attributes
                0x00000742       0x34 _build/nrf52832_xxaa/bsp.c.o
 .ARM.attributes
                0x00000776       0x34 _build/nrf52832_xxaa/bsp_btn_ble.c.o
 .ARM.attributes
                0x000007aa       0x34 _build/nrf52832_xxaa/main.c.o
 .ARM.attributes
                0x000007de       0x34 _build/nrf52832_xxaa/ble_advdata.c.o
 .ARM.attributes
                0x00000812       0x34 _build/nrf52832_xxaa/ble_conn_state.c.o
 .ARM.attributes
                0x00000846       0x34 _build/nrf52832_xxaa/ble_db_discovery.c.o
 .ARM.attributes
                0x0000087a       0x34 _build/nrf52832_xxaa/nrf_ble_gatt.c.o
 .ARM.attributes
                0x000008ae       0x34 _build/nrf52832_xxaa/nrf_ble_gq.c.o
 .ARM.attributes
                0x000008e2       0x34 _build/nrf52832_xxaa/nrf_ble_scan.c.o
 .ARM.attributes
                0x00000916       0x34 _build/nrf52832_xxaa/ble_lbs_c.c.o
 .ARM.attributes
                0x0000094a       0x34 _build/nrf52832_xxaa/nrf_sdh.c.o
 .ARM.attributes
                0x0000097e       0x34 _build/nrf52832_xxaa/nrf_sdh_ble.c.o
 .ARM.attributes
                0x000009b2       0x34 _build/nrf52832_xxaa/nrf_sdh_soc.c.o
 .ARM.attributes
                0x000009e6       0x32 c:/program files (x86)/gnu tools arm embedded/9 2019-q4-major/bin/../lib/gcc/arm-none-eabi/9.2.1/../../../../arm-none-eabi/lib/thumb/v7e-m+fp/hard\libc_nano.a(lib_a-ctype_.o)
 .ARM.attributes
                0x00000a18       0x34 c:/program files (x86)/gnu tools arm embedded/9 2019-q4-major/bin/../lib/gcc/arm-none-eabi/9.2.1/../../../../arm-none-eabi/lib/thumb/v7e-m+fp/hard\libc_nano.a(lib_a-exit.o)
 .ARM.attributes
                0x00000a4c       0x32 c:/program files (x86)/gnu tools arm embedded/9 2019-q4-major/bin/../lib/gcc/arm-none-eabi/9.2.1/../../../../arm-none-eabi/lib/thumb/v7e-m+fp/hard\libc_nano.a(lib_a-impure.o)
 .ARM.attributes
                0x00000a7e       0x34 c:/program files (x86)/gnu tools arm embedded/9 2019-q4-major/bin/../lib/gcc/arm-none-eabi/9.2.1/../../../../arm-none-eabi/lib/thumb/v7e-m+fp/hard\libc_nano.a(lib_a-init.o)
 .ARM.attributes
                0x00000ab2       0x34 c:/program files (x86)/gnu tools arm embedded/9 2019-q4-major/bin/../lib/gcc/arm-none-eabi/9.2.1/../../../../arm-none-eabi/lib/thumb/v7e-m+fp/hard\libc_nano.a(lib_a-memcmp.o)
 .ARM.attributes
                0x00000ae6       0x34 c:/program files (x86)/gnu tools arm embedded/9 2019-q4-major/bin/../lib/gcc/arm-none-eabi/9.2.1/../../../../arm-none-eabi/lib/thumb/v7e-m+fp/hard\libc_nano.a(lib_a-memcpy-stub.o)
 .ARM.attributes
                0x00000b1a       0x34 c:/program files (x86)/gnu tools arm embedded/9 2019-q4-major/bin/../lib/gcc/arm-none-eabi/9.2.1/../../../../arm-none-eabi/lib/thumb/v7e-m+fp/hard\libc_nano.a(lib_a-memset.o)
 .ARM.attributes
                0x00000b4e       0x1c c:/program files (x86)/gnu tools arm embedded/9 2019-q4-major/bin/../lib/gcc/arm-none-eabi/9.2.1/../../../../arm-none-eabi/lib/thumb/v7e-m+fp/hard\libc_nano.a(lib_a-strcmp.o)
 .ARM.attributes
                0x00000b6a       0x17 c:/program files (x86)/gnu tools arm embedded/9 2019-q4-major/bin/../lib/gcc/arm-none-eabi/9.2.1/../../../../arm-none-eabi/lib/thumb/v7e-m+fp/hard\libc_nano.a(lib_a-strlen.o)
 .ARM.attributes
                0x00000b81       0x34 c:/program files (x86)/gnu tools arm embedded/9 2019-q4-major/bin/../lib/gcc/arm-none-eabi/9.2.1/../../../../arm-none-eabi/lib/thumb/v7e-m+fp/hard\libnosys.a(_exit.o)
 .ARM.attributes
                0x00000bb5       0x32 c:/program files (x86)/gnu tools arm embedded/9 2019-q4-major/bin/../lib/gcc/arm-none-eabi/9.2.1/thumb/v7e-m+fp/hard/crtend.o
 .ARM.attributes
                0x00000be7       0x1e c:/program files (x86)/gnu tools arm embedded/9 2019-q4-major/bin/../lib/gcc/arm-none-eabi/9.2.1/thumb/v7e-m+fp/hard/crtn.o

.comment        0x00000000       0x79
 .comment       0x00000000       0x79 _build/nrf52832_xxaa/nrf_log_backend_serial.c.o
                                 0x7a (size before relaxing)
 .comment       0x00000079       0x7a _build/nrf52832_xxaa/nrf_log_backend_uart.c.o
 .comment       0x00000079       0x7a _build/nrf52832_xxaa/nrf_log_default_backends.c.o
 .comment       0x00000079       0x7a _build/nrf52832_xxaa/nrf_log_frontend.c.o
 .comment       0x00000079       0x7a _build/nrf52832_xxaa/nrf_log_str_formatter.c.o
 .comment       0x00000079       0x7a _build/nrf52832_xxaa/app_button.c.o
 .comment       0x00000079       0x7a _build/nrf52832_xxaa/app_error.c.o
 .comment       0x00000079       0x7a _build/nrf52832_xxaa/app_error_weak.c.o
 .comment       0x00000079       0x7a _build/nrf52832_xxaa/app_timer2.c.o
 .comment       0x00000079       0x7a _build/nrf52832_xxaa/app_util_platform.c.o
 .comment       0x00000079       0x7a _build/nrf52832_xxaa/drv_rtc.c.o
 .comment       0x00000079       0x7a _build/nrf52832_xxaa/nrf_atfifo.c.o
 .comment       0x00000079       0x7a _build/nrf52832_xxaa/nrf_atflags.c.o
 .comment       0x00000079       0x7a _build/nrf52832_xxaa/nrf_atomic.c.o
 .comment       0x00000079       0x7a _build/nrf52832_xxaa/nrf_balloc.c.o
 .comment       0x00000079       0x7a _build/nrf52832_xxaa/nrf_fprintf.c.o
 .comment       0x00000079       0x7a _build/nrf52832_xxaa/nrf_fprintf_format.c.o
 .comment       0x00000079       0x7a _build/nrf52832_xxaa/nrf_memobj.c.o
 .comment       0x00000079       0x7a _build/nrf52832_xxaa/nrf_pwr_mgmt.c.o
 .comment       0x00000079       0x7a _build/nrf52832_xxaa/nrf_queue.c.o
 .comment       0x00000079       0x7a _build/nrf52832_xxaa/nrf_ringbuf.c.o
 .comment       0x00000079       0x7a _build/nrf52832_xxaa/nrf_section_iter.c.o
 .comment       0x00000079       0x7a _build/nrf52832_xxaa/nrf_sortlist.c.o
 .comment       0x00000079       0x7a _build/nrf52832_xxaa/nrf_strerror.c.o
 .comment       0x00000079       0x7a _build/nrf52832_xxaa/system_nrf52.c.o
 .comment       0x00000079       0x7a _build/nrf52832_xxaa/boards.c.o
 .comment       0x00000079       0x7a _build/nrf52832_xxaa/nrf_drv_clock.c.o
 .comment       0x00000079       0x7a _build/nrf52832_xxaa/nrf_drv_uart.c.o
 .comment       0x00000079       0x7a _build/nrf52832_xxaa/nrfx_clock.c.o
 .comment       0x00000079       0x7a _build/nrf52832_xxaa/nrfx_gpiote.c.o
 .comment       0x00000079       0x7a _build/nrf52832_xxaa/nrfx_prs.c.o
 .comment       0x00000079       0x7a _build/nrf52832_xxaa/nrfx_uart.c.o
 .comment       0x00000079       0x7a _build/nrf52832_xxaa/nrfx_uarte.c.o
 .comment       0x00000079       0x7a _build/nrf52832_xxaa/bsp.c.o
 .comment       0x00000079       0x7a _build/nrf52832_xxaa/bsp_btn_ble.c.o
 .comment       0x00000079       0x7a _build/nrf52832_xxaa/main.c.o
 .comment       0x00000079       0x7a _build/nrf52832_xxaa/ble_advdata.c.o
 .comment       0x00000079       0x7a _build/nrf52832_xxaa/ble_conn_state.c.o
 .comment       0x00000079       0x7a _build/nrf52832_xxaa/ble_db_discovery.c.o
 .comment       0x00000079       0x7a _build/nrf52832_xxaa/nrf_ble_gatt.c.o
 .comment       0x00000079       0x7a _build/nrf52832_xxaa/nrf_ble_gq.c.o
 .comment       0x00000079       0x7a _build/nrf52832_xxaa/nrf_ble_scan.c.o
 .comment       0x00000079       0x7a _build/nrf52832_xxaa/ble_lbs_c.c.o
 .comment       0x00000079       0x7a _build/nrf52832_xxaa/nrf_sdh.c.o
 .comment       0x00000079       0x7a _build/nrf52832_xxaa/nrf_sdh_ble.c.o
 .comment       0x00000079       0x7a _build/nrf52832_xxaa/nrf_sdh_soc.c.o

.debug_line     0x00000000    0x2cc6a
 .debug_line    0x00000000       0x86 _build/nrf52832_xxaa/gcc_startup_nrf52.S.o
 .debug_line    0x00000086      0x942 _build/nrf52832_xxaa/nrf_log_backend_serial.c.o
 .debug_line    0x000009c8      0xc6f _build/nrf52832_xxaa/nrf_log_backend_uart.c.o
 .debug_line    0x00001637      0x81d _build/nrf52832_xxaa/nrf_log_default_backends.c.o
 .debug_line    0x00001e54     0x2cbe _build/nrf52832_xxaa/nrf_log_frontend.c.o
 .debug_line    0x00004b12      0xa79 _build/nrf52832_xxaa/nrf_log_str_formatter.c.o
 .debug_line    0x0000558b     0x1324 _build/nrf52832_xxaa/app_button.c.o
 .debug_line    0x000068af      0x5cf _build/nrf52832_xxaa/app_error.c.o
 .debug_line    0x00006e7e      0x922 _build/nrf52832_xxaa/app_error_weak.c.o
 .debug_line    0x000077a0     0x1235 _build/nrf52832_xxaa/app_timer2.c.o
 .debug_line    0x000089d5      0x813 _build/nrf52832_xxaa/app_util_platform.c.o
 .debug_line    0x000091e8     0x1597 _build/nrf52832_xxaa/drv_rtc.c.o
 .debug_line    0x0000a77f      0xaf1 _build/nrf52832_xxaa/nrf_atfifo.c.o
 .debug_line    0x0000b270      0x906 _build/nrf52832_xxaa/nrf_atflags.c.o
 .debug_line    0x0000bb76      0x939 _build/nrf52832_xxaa/nrf_atomic.c.o
 .debug_line    0x0000c4af      0x96a _build/nrf52832_xxaa/nrf_balloc.c.o
 .debug_line    0x0000ce19      0x5f5 _build/nrf52832_xxaa/nrf_fprintf.c.o
 .debug_line    0x0000d40e      0xfcf _build/nrf52832_xxaa/nrf_fprintf_format.c.o
 .debug_line    0x0000e3dd      0xc04 _build/nrf52832_xxaa/nrf_memobj.c.o
 .debug_line    0x0000efe1      0xf20 _build/nrf52832_xxaa/nrf_pwr_mgmt.c.o
 .debug_line    0x0000ff01     0x1406 _build/nrf52832_xxaa/nrf_queue.c.o
 .debug_line    0x00011307      0xa64 _build/nrf52832_xxaa/nrf_ringbuf.c.o
 .debug_line    0x00011d6b      0x60b _build/nrf52832_xxaa/nrf_section_iter.c.o
 .debug_line    0x00012376      0x7f7 _build/nrf52832_xxaa/nrf_sortlist.c.o
 .debug_line    0x00012b6d      0x65c _build/nrf52832_xxaa/nrf_strerror.c.o
 .debug_line    0x000131c9      0x989 _build/nrf52832_xxaa/system_nrf52.c.o
 .debug_line    0x00013b52     0x1129 _build/nrf52832_xxaa/boards.c.o
 .debug_line    0x00014c7b     0x12cc _build/nrf52832_xxaa/nrf_drv_clock.c.o
 .debug_line    0x00015f47      0x8ff _build/nrf52832_xxaa/nrf_drv_uart.c.o
 .debug_line    0x00016846     0x11cf _build/nrf52832_xxaa/nrfx_clock.c.o
 .debug_line    0x00017a15     0x2e3f _build/nrf52832_xxaa/nrfx_gpiote.c.o
 .debug_line    0x0001a854      0x9ef _build/nrf52832_xxaa/nrfx_prs.c.o
 .debug_line    0x0001b243     0x1ef8 _build/nrf52832_xxaa/nrfx_uart.c.o
 .debug_line    0x0001d13b     0x1ea0 _build/nrf52832_xxaa/nrfx_uarte.c.o
 .debug_line    0x0001efdb     0x12f9 _build/nrf52832_xxaa/bsp.c.o
 .debug_line    0x000202d4      0xb9a _build/nrf52832_xxaa/bsp_btn_ble.c.o
 .debug_line    0x00020e6e     0x155f _build/nrf52832_xxaa/main.c.o
 .debug_line    0x000223cd     0x1423 _build/nrf52832_xxaa/ble_advdata.c.o
 .debug_line    0x000237f0     0x123f _build/nrf52832_xxaa/ble_conn_state.c.o
 .debug_line    0x00024a2f     0x1b9c _build/nrf52832_xxaa/ble_db_discovery.c.o
 .debug_line    0x000265cb      0xdbd _build/nrf52832_xxaa/nrf_ble_gatt.c.o
 .debug_line    0x00027388     0x1197 _build/nrf52832_xxaa/nrf_ble_gq.c.o
 .debug_line    0x0002851f     0x1127 _build/nrf52832_xxaa/nrf_ble_scan.c.o
 .debug_line    0x00029646     0x1135 _build/nrf52832_xxaa/ble_lbs_c.c.o
 .debug_line    0x0002a77b     0x10b6 _build/nrf52832_xxaa/nrf_sdh.c.o
 .debug_line    0x0002b831      0xbe6 _build/nrf52832_xxaa/nrf_sdh_ble.c.o
 .debug_line    0x0002c417      0x853 _build/nrf52832_xxaa/nrf_sdh_soc.c.o

.debug_info     0x00000000    0x60009
 .debug_info    0x00000000       0x26 _build/nrf52832_xxaa/gcc_startup_nrf52.S.o
 .debug_info    0x00000026     0x124c _build/nrf52832_xxaa/nrf_log_backend_serial.c.o
 .debug_info    0x00001272     0x1c9d _build/nrf52832_xxaa/nrf_log_backend_uart.c.o
 .debug_info    0x00002f0f      0xd9e _build/nrf52832_xxaa/nrf_log_default_backends.c.o
 .debug_info    0x00003cad     0x4689 _build/nrf52832_xxaa/nrf_log_frontend.c.o
 .debug_info    0x00008336     0x1431 _build/nrf52832_xxaa/nrf_log_str_formatter.c.o
 .debug_info    0x00009767     0x1d41 _build/nrf52832_xxaa/app_button.c.o
 .debug_info    0x0000b4a8      0xb94 _build/nrf52832_xxaa/app_error.c.o
 .debug_info    0x0000c03c     0x1006 _build/nrf52832_xxaa/app_error_weak.c.o
 .debug_info    0x0000d042     0x21eb _build/nrf52832_xxaa/app_timer2.c.o
 .debug_info    0x0000f22d     0x12fd _build/nrf52832_xxaa/app_util_platform.c.o
 .debug_info    0x0001052a     0x2b75 _build/nrf52832_xxaa/drv_rtc.c.o
 .debug_info    0x0001309f     0x158b _build/nrf52832_xxaa/nrf_atfifo.c.o
 .debug_info    0x0001462a     0x1019 _build/nrf52832_xxaa/nrf_atflags.c.o
 .debug_info    0x00015643     0x13e4 _build/nrf52832_xxaa/nrf_atomic.c.o
 .debug_info    0x00016a27      0xea4 _build/nrf52832_xxaa/nrf_balloc.c.o
 .debug_info    0x000178cb      0xb51 _build/nrf52832_xxaa/nrf_fprintf.c.o
 .debug_info    0x0001841c     0x157d _build/nrf52832_xxaa/nrf_fprintf_format.c.o
 .debug_info    0x00019999     0x161b _build/nrf52832_xxaa/nrf_memobj.c.o
 .debug_info    0x0001afb4     0x1db5 _build/nrf52832_xxaa/nrf_pwr_mgmt.c.o
 .debug_info    0x0001cd69     0x20ee _build/nrf52832_xxaa/nrf_queue.c.o
 .debug_info    0x0001ee57      0xf8b _build/nrf52832_xxaa/nrf_ringbuf.c.o
 .debug_info    0x0001fde2      0xac1 _build/nrf52832_xxaa/nrf_section_iter.c.o
 .debug_info    0x000208a3      0xd6d _build/nrf52832_xxaa/nrf_sortlist.c.o
 .debug_info    0x00021610      0xb76 _build/nrf52832_xxaa/nrf_strerror.c.o
 .debug_info    0x00022186     0x1517 _build/nrf52832_xxaa/system_nrf52.c.o
 .debug_info    0x0002369d     0x172e _build/nrf52832_xxaa/boards.c.o
 .debug_info    0x00024dcb     0x2214 _build/nrf52832_xxaa/nrf_drv_clock.c.o
 .debug_info    0x00026fdf     0x1ae7 _build/nrf52832_xxaa/nrf_drv_uart.c.o
 .debug_info    0x00028ac6     0x1fea _build/nrf52832_xxaa/nrfx_clock.c.o
 .debug_info    0x0002aab0     0x4416 _build/nrf52832_xxaa/nrfx_gpiote.c.o
 .debug_info    0x0002eec6     0x1200 _build/nrf52832_xxaa/nrfx_prs.c.o
 .debug_info    0x000300c6     0x413b _build/nrf52832_xxaa/nrfx_uart.c.o
 .debug_info    0x00034201     0x40f1 _build/nrf52832_xxaa/nrfx_uarte.c.o
 .debug_info    0x000382f2     0x204d _build/nrf52832_xxaa/bsp.c.o
 .debug_info    0x0003a33f     0x28b3 _build/nrf52832_xxaa/bsp_btn_ble.c.o
 .debug_info    0x0003cbf2     0x4baf _build/nrf52832_xxaa/main.c.o
 .debug_info    0x000417a1     0x2948 _build/nrf52832_xxaa/ble_advdata.c.o
 .debug_info    0x000440e9     0x39cb _build/nrf52832_xxaa/ble_conn_state.c.o
 .debug_info    0x00047ab4     0x4545 _build/nrf52832_xxaa/ble_db_discovery.c.o
 .debug_info    0x0004bff9     0x3400 _build/nrf52832_xxaa/nrf_ble_gatt.c.o
 .debug_info    0x0004f3f9     0x393b _build/nrf52832_xxaa/nrf_ble_gq.c.o
 .debug_info    0x00052d34     0x3a8e _build/nrf52832_xxaa/nrf_ble_scan.c.o
 .debug_info    0x000567c2     0x3316 _build/nrf52832_xxaa/ble_lbs_c.c.o
 .debug_info    0x00059ad8     0x20bf _build/nrf52832_xxaa/nrf_sdh.c.o
 .debug_info    0x0005bb97     0x350a _build/nrf52832_xxaa/nrf_sdh_ble.c.o
 .debug_info    0x0005f0a1      0xf68 _build/nrf52832_xxaa/nrf_sdh_soc.c.o

.debug_abbrev   0x00000000     0xc128
 .debug_abbrev  0x00000000       0x14 _build/nrf52832_xxaa/gcc_startup_nrf52.S.o
 .debug_abbrev  0x00000014      0x2cc _build/nrf52832_xxaa/nrf_log_backend_serial.c.o
 .debug_abbrev  0x000002e0      0x41d _build/nrf52832_xxaa/nrf_log_backend_uart.c.o
 .debug_abbrev  0x000006fd      0x294 _build/nrf52832_xxaa/nrf_log_default_backends.c.o
 .debug_abbrev  0x00000991      0x62f _build/nrf52832_xxaa/nrf_log_frontend.c.o
 .debug_abbrev  0x00000fc0      0x320 _build/nrf52832_xxaa/nrf_log_str_formatter.c.o
 .debug_abbrev  0x000012e0      0x46d _build/nrf52832_xxaa/app_button.c.o
 .debug_abbrev  0x0000174d      0x276 _build/nrf52832_xxaa/app_error.c.o
 .debug_abbrev  0x000019c3      0x2fd _build/nrf52832_xxaa/app_error_weak.c.o
 .debug_abbrev  0x00001cc0      0x58f _build/nrf52832_xxaa/app_timer2.c.o
 .debug_abbrev  0x0000224f      0x3df _build/nrf52832_xxaa/app_util_platform.c.o
 .debug_abbrev  0x0000262e      0x5d7 _build/nrf52832_xxaa/drv_rtc.c.o
 .debug_abbrev  0x00002c05      0x3b9 _build/nrf52832_xxaa/nrf_atfifo.c.o
 .debug_abbrev  0x00002fbe      0x37f _build/nrf52832_xxaa/nrf_atflags.c.o
 .debug_abbrev  0x0000333d      0x378 _build/nrf52832_xxaa/nrf_atomic.c.o
 .debug_abbrev  0x000036b5      0x34d _build/nrf52832_xxaa/nrf_balloc.c.o
 .debug_abbrev  0x00003a02      0x27d _build/nrf52832_xxaa/nrf_fprintf.c.o
 .debug_abbrev  0x00003c7f      0x3fa _build/nrf52832_xxaa/nrf_fprintf_format.c.o
 .debug_abbrev  0x00004079      0x397 _build/nrf52832_xxaa/nrf_memobj.c.o
 .debug_abbrev  0x00004410      0x513 _build/nrf52832_xxaa/nrf_pwr_mgmt.c.o
 .debug_abbrev  0x00004923      0x4e0 _build/nrf52832_xxaa/nrf_queue.c.o
 .debug_abbrev  0x00004e03      0x2b2 _build/nrf52832_xxaa/nrf_ringbuf.c.o
 .debug_abbrev  0x000050b5      0x206 _build/nrf52832_xxaa/nrf_section_iter.c.o
 .debug_abbrev  0x000052bb      0x284 _build/nrf52832_xxaa/nrf_sortlist.c.o
 .debug_abbrev  0x0000553f      0x29c _build/nrf52832_xxaa/nrf_strerror.c.o
 .debug_abbrev  0x000057db      0x26c _build/nrf52832_xxaa/system_nrf52.c.o
 .debug_abbrev  0x00005a47      0x408 _build/nrf52832_xxaa/boards.c.o
 .debug_abbrev  0x00005e4f      0x5ef _build/nrf52832_xxaa/nrf_drv_clock.c.o
 .debug_abbrev  0x0000643e      0x2da _build/nrf52832_xxaa/nrf_drv_uart.c.o
 .debug_abbrev  0x00006718      0x56c _build/nrf52832_xxaa/nrfx_clock.c.o
 .debug_abbrev  0x00006c84      0x5f1 _build/nrf52832_xxaa/nrfx_gpiote.c.o
 .debug_abbrev  0x00007275      0x362 _build/nrf52832_xxaa/nrfx_prs.c.o
 .debug_abbrev  0x000075d7      0x59d _build/nrf52832_xxaa/nrfx_uart.c.o
 .debug_abbrev  0x00007b74      0x571 _build/nrf52832_xxaa/nrfx_uarte.c.o
 .debug_abbrev  0x000080e5      0x52c _build/nrf52832_xxaa/bsp.c.o
 .debug_abbrev  0x00008611      0x3c6 _build/nrf52832_xxaa/bsp_btn_ble.c.o
 .debug_abbrev  0x000089d7      0x561 _build/nrf52832_xxaa/main.c.o
 .debug_abbrev  0x00008f38      0x4b7 _build/nrf52832_xxaa/ble_advdata.c.o
 .debug_abbrev  0x000093ef      0x5c2 _build/nrf52832_xxaa/ble_conn_state.c.o
 .debug_abbrev  0x000099b1      0x631 _build/nrf52832_xxaa/ble_db_discovery.c.o
 .debug_abbrev  0x00009fe2      0x4da _build/nrf52832_xxaa/nrf_ble_gatt.c.o
 .debug_abbrev  0x0000a4bc      0x567 _build/nrf52832_xxaa/nrf_ble_gq.c.o
 .debug_abbrev  0x0000aa23      0x536 _build/nrf52832_xxaa/nrf_ble_scan.c.o
 .debug_abbrev  0x0000af59      0x4b3 _build/nrf52832_xxaa/ble_lbs_c.c.o
 .debug_abbrev  0x0000b40c      0x583 _build/nrf52832_xxaa/nrf_sdh.c.o
 .debug_abbrev  0x0000b98f      0x4a8 _build/nrf52832_xxaa/nrf_sdh_ble.c.o
 .debug_abbrev  0x0000be37      0x2f1 _build/nrf52832_xxaa/nrf_sdh_soc.c.o

.debug_aranges  0x00000000     0x10f0
 .debug_aranges
                0x00000000       0x20 _build/nrf52832_xxaa/gcc_startup_nrf52.S.o
 .debug_aranges
                0x00000020       0x20 _build/nrf52832_xxaa/nrf_log_backend_serial.c.o
 .debug_aranges
                0x00000040       0x48 _build/nrf52832_xxaa/nrf_log_backend_uart.c.o
 .debug_aranges
                0x00000088       0x20 _build/nrf52832_xxaa/nrf_log_default_backends.c.o
 .debug_aranges
                0x000000a8       0xb8 _build/nrf52832_xxaa/nrf_log_frontend.c.o
 .debug_aranges
                0x00000160       0x38 _build/nrf52832_xxaa/nrf_log_str_formatter.c.o
 .debug_aranges
                0x00000198       0x50 _build/nrf52832_xxaa/app_button.c.o
 .debug_aranges
                0x000001e8       0x28 _build/nrf52832_xxaa/app_error.c.o
 .debug_aranges
                0x00000210       0x20 _build/nrf52832_xxaa/app_error_weak.c.o
 .debug_aranges
                0x00000230       0x70 _build/nrf52832_xxaa/app_timer2.c.o
 .debug_aranges
                0x000002a0       0x48 _build/nrf52832_xxaa/app_util_platform.c.o
 .debug_aranges
                0x000002e8       0xb0 _build/nrf52832_xxaa/drv_rtc.c.o
 .debug_aranges
                0x00000398       0x58 _build/nrf52832_xxaa/nrf_atfifo.c.o
 .debug_aranges
                0x000003f0       0x58 _build/nrf52832_xxaa/nrf_atflags.c.o
 .debug_aranges
                0x00000448       0xb0 _build/nrf52832_xxaa/nrf_atomic.c.o
 .debug_aranges
                0x000004f8       0x30 _build/nrf52832_xxaa/nrf_balloc.c.o
 .debug_aranges
                0x00000528       0x28 _build/nrf52832_xxaa/nrf_fprintf.c.o
 .debug_aranges
                0x00000550       0x28 _build/nrf52832_xxaa/nrf_fprintf_format.c.o
 .debug_aranges
                0x00000578       0x50 _build/nrf52832_xxaa/nrf_memobj.c.o
 .debug_aranges
                0x000005c8       0x48 _build/nrf52832_xxaa/nrf_pwr_mgmt.c.o
 .debug_aranges
                0x00000610       0x88 _build/nrf52832_xxaa/nrf_queue.c.o
 .debug_aranges
                0x00000698       0x50 _build/nrf52832_xxaa/nrf_ringbuf.c.o
 .debug_aranges
                0x000006e8       0x28 _build/nrf52832_xxaa/nrf_section_iter.c.o
 .debug_aranges
                0x00000710       0x40 _build/nrf52832_xxaa/nrf_sortlist.c.o
 .debug_aranges
                0x00000750       0x28 _build/nrf52832_xxaa/nrf_strerror.c.o
 .debug_aranges
                0x00000778       0x28 _build/nrf52832_xxaa/system_nrf52.c.o
 .debug_aranges
                0x000007a0       0x78 _build/nrf52832_xxaa/boards.c.o
 .debug_aranges
                0x00000818       0xa8 _build/nrf52832_xxaa/nrf_drv_clock.c.o
 .debug_aranges
                0x000008c0       0x30 _build/nrf52832_xxaa/nrf_drv_uart.c.o
 .debug_aranges
                0x000008f0       0x78 _build/nrf52832_xxaa/nrfx_clock.c.o
 .debug_aranges
                0x00000968       0xf8 _build/nrf52832_xxaa/nrfx_gpiote.c.o
 .debug_aranges
                0x00000a60       0x30 _build/nrf52832_xxaa/nrfx_prs.c.o
 .debug_aranges
                0x00000a90       0x78 _build/nrf52832_xxaa/nrfx_uart.c.o
 .debug_aranges
                0x00000b08       0x68 _build/nrf52832_xxaa/nrfx_uarte.c.o
 .debug_aranges
                0x00000b70       0x80 _build/nrf52832_xxaa/bsp.c.o
 .debug_aranges
                0x00000bf0       0x30 _build/nrf52832_xxaa/bsp_btn_ble.c.o
 .debug_aranges
                0x00000c20       0x70 _build/nrf52832_xxaa/main.c.o
 .debug_aranges
                0x00000c90       0x78 _build/nrf52832_xxaa/ble_advdata.c.o
 .debug_aranges
                0x00000d08       0xc8 _build/nrf52832_xxaa/ble_conn_state.c.o
 .debug_aranges